Archive member included to satisfy reference by file (symbol)

../../../external/sdk13/components/toolchain/cmsis/dsp/GCC/libarm_cortexM4lf_math.a(arm_sin_f32.o)
                              Output/ble_app_thingy_s132_pca20020 debug_v1_0_0/Obj/drv_speaker.o (arm_sin_f32)
../../../external/sdk13/components/toolchain/cmsis/dsp/GCC/libarm_cortexM4lf_math.a(arm_common_tables.o)
                              ../../../external/sdk13/components/toolchain/cmsis/dsp/GCC/libarm_cortexM4lf_math.a(arm_sin_f32.o) (sinTable_f32)
../../../libs/liblibmplmpu_m4_hardfp/liblibmplmpu.a(accel_auto_cal.o)
                              Output/ble_app_thingy_s132_pca20020 debug_v1_0_0/Obj/drv_motion.o (inv_enable_in_use_auto_calibration)
../../../libs/liblibmplmpu_m4_hardfp/liblibmplmpu.a(compass_vec_cal.o)
                              ../../../libs/liblibmplmpu_m4_hardfp/liblibmplmpu.a(accel_auto_cal.o) (inv_combine_compass_data)
../../../libs/liblibmplmpu_m4_hardfp/liblibmplmpu.a(fast_no_motion.o)
                              ../../../libs/liblibmplmpu_m4_hardfp/liblibmplmpu.a(accel_auto_cal.o) (inv_fast_nomot_parameter)
../../../libs/liblibmplmpu_m4_hardfp/liblibmplmpu.a(fusion_9axis.o)
                              Output/ble_app_thingy_s132_pca20020 debug_v1_0_0/Obj/drv_motion.o (inv_enable_9x_sensor_fusion)
../../../libs/liblibmplmpu_m4_hardfp/liblibmplmpu.a(gyro_tc.o)
                              Output/ble_app_thingy_s132_pca20020 debug_v1_0_0/Obj/drv_motion.o (inv_enable_gyro_tc)
../../../libs/liblibmplmpu_m4_hardfp/liblibmplmpu.a(heading_from_gyro.o)
                              Output/ble_app_thingy_s132_pca20020 debug_v1_0_0/Obj/drv_motion.o (inv_enable_heading_from_gyro)
../../../libs/liblibmplmpu_m4_hardfp/liblibmplmpu.a(mag_disturb.o)
                              ../../../libs/liblibmplmpu_m4_hardfp/liblibmplmpu.a(compass_vec_cal.o) (inv_set_magnetic_disturbance)
../../../libs/liblibmplmpu_m4_hardfp/liblibmplmpu.a(quaternion_supervisor.o)
                              Output/ble_app_thingy_s132_pca20020 debug_v1_0_0/Obj/drv_motion.o (inv_enable_quaternion)
../../../external/sdk13/components/nfc/t2t_lib/nfc_t2t_lib_gcc.a(nfc_t2t_lib_nfc_t2t_lib.c.o)
                              Output/ble_app_thingy_s132_pca20020 debug_v1_0_0/Obj/drv_nfc.o (nfc_t2t_setup)
C:/Program Files/SEGGER/SEGGER Embedded Studio for ARM 4.22/lib/libm_v7em_fpv4_sp_d16_hard_t_le_eabi.a(libm_asm.o)
                              Output/ble_app_thingy_s132_pca20020 debug_v1_0_0/Obj/m_environment_nus.o (__aeabi_i2d)
C:/Program Files/SEGGER/SEGGER Embedded Studio for ARM 4.22/lib/libm_v7em_fpv4_sp_d16_hard_t_le_eabi.a(libm2.o)
                              Output/ble_app_thingy_s132_pca20020 debug_v1_0_0/Obj/a2lsp.o (acosf)
C:/Program Files/SEGGER/SEGGER Embedded Studio for ARM 4.22/lib/libm_v7em_fpv4_sp_d16_hard_t_le_eabi.a(libm2_asm.o)
                              Output/ble_app_thingy_s132_pca20020 debug_v1_0_0/Obj/inv_mpu.o (fabs)
C:/Program Files/SEGGER/SEGGER Embedded Studio for ARM 4.22/lib/libm_v7em_fpv4_sp_d16_hard_t_le_eabi.a(fdlibm.o)
                              Output/ble_app_thingy_s132_pca20020 debug_v1_0_0/Obj/sx150x_led_drv_calc.o (round)
C:/Program Files/SEGGER/SEGGER Embedded Studio for ARM 4.22/lib/libm_v7em_fpv4_sp_d16_hard_t_le_eabi.a(libm.o)
                              C:/Program Files/SEGGER/SEGGER Embedded Studio for ARM 4.22/lib/libm_v7em_fpv4_sp_d16_hard_t_le_eabi.a(fdlibm.o) (__mulsc3)
C:/Program Files/SEGGER/SEGGER Embedded Studio for ARM 4.22/lib/libc_v7em_fpv4_sp_d16_hard_t_le_eabi.a(libc_asm.o)
                              Output/ble_app_thingy_s132_pca20020 debug_v1_0_0/Obj/m_batt_meas.o (__aeabi_uldivmod)
C:/Program Files/SEGGER/SEGGER Embedded Studio for ARM 4.22/lib/libc_v7em_fpv4_sp_d16_hard_t_le_eabi.a(libc2.o)
                              Output/ble_app_thingy_s132_pca20020 debug_v1_0_0/Obj/sx150x_led_drv_calc.o (abs)
C:/Program Files/SEGGER/SEGGER Embedded Studio for ARM 4.22/lib/libc_v7em_fpv4_sp_d16_hard_t_le_eabi.a(libc2_asm.o)
                              Output/ble_app_thingy_s132_pca20020 debug_v1_0_0/Obj/m_ble.o (memcpy)
C:/Program Files/SEGGER/SEGGER Embedded Studio for ARM 4.22/lib/libc_v7em_fpv4_sp_d16_hard_t_le_eabi.a(libc.o)
                              C:/Program Files/SEGGER/SEGGER Embedded Studio for ARM 4.22/lib/libc_v7em_fpv4_sp_d16_hard_t_le_eabi.a(libc2.o) (__heap_lock)
C:/Program Files/SEGGER/SEGGER Embedded Studio for ARM 4.22/lib/libdebugio_v7em_fpv4_sp_d16_hard_t_le_eabi.a(libdebugio.o)
                              Output/ble_app_thingy_s132_pca20020 debug_v1_0_0/Obj/thumb_crt0.o (debug_fopen)
C:/Program Files/SEGGER/SEGGER Embedded Studio for ARM 4.22/lib/libdebugio_mempoll_v7em_fpv4_sp_d16_hard_t_le_eabi.a(mempoll_debug_operations.o)
                              C:/Program Files/SEGGER/SEGGER Embedded Studio for ARM 4.22/lib/libdebugio_v7em_fpv4_sp_d16_hard_t_le_eabi.a(libdebugio.o) (__do_debug_operation)
[...]
Memory Configuration

Name             Origin             Length             Attributes
UNPLACED_SECTIONS 0x0000000100000000 0x0000000000000000 xw
FLASH            0x0000000000000000 0x0000000000080000 xr
SRAM             0x0000000020000000 0x0000000000010000 xw
*default*        0x0000000000000000 0xffffffffffffffff

Linker script and memory map

                0x000000000003b9b4                __vfprintf = __vfprintf_int_nwp
                0x0000000000000000                __vfscanf = __vfscanf_int
                0x0000000000000000                __FLASH_segment_start__ = 0x0
                0x0000000000080000                __FLASH_segment_end__ = 0x80000
                0x0000000000080000                __FLASH_segment_size__ = 0x80000
                0x0000000020000000                __SRAM_segment_start__ = 0x20000000
                0x0000000020010000                __SRAM_segment_end__ = 0x20010000
                0x0000000000010000                __SRAM_segment_size__ = 0x10000
                0x0000000000000400                __HEAPSIZE__ = 0x400
                0x0000000000000000                __STACKSIZE_PROCESS__ = 0x0
                0x0000000000000400                __STACKSIZE__ = 0x400
                0x00000000200042b0                __vectors_ram_load_start__ = 0x200042b0

.vectors_ram    0x00000000200042b0        0x0
                0x00000000200042b0                __vectors_ram_start__ = .
 *(.vectors_ram .vectors_ram.*)
                0x00000000200042b0                __vectors_ram_end__ = (__vectors_ram_start__ + SIZEOF (.vectors_ram))
                0x0000000000000000                __vectors_ram_size__ = SIZEOF (.vectors_ram)
                0x00000000200042b0                __vectors_ram_load_end__ = __vectors_ram_end__
                0x0000000000000001                . = ASSERT (((__vectors_ram_start__ == __vectors_ram_end__) || ((__vectors_ram_end__ - __SRAM_segment_start__) <= __SRAM_segment_size__)), error: .vectors_ram is too large to fit in SRAM memory segment)
                0x000000000001f000                __vectors_load_start__ = 0x1f000

.vectors        0x000000000001f000       0xd8
                0x000000000001f000                __vectors_start__ = .
 *(.vectors .vectors.*)
 .vectors       0x000000000001f000       0xd8 Output/ble_app_thingy_s132_pca20020 debug_v1_0_0/Obj/ses_nrf52_startup.o
                0x000000000001f000                _vectors
                0x000000000001f0d8                __vectors_end__ = (__vectors_start__ + SIZEOF (.vectors))
                0x00000000000000d8                __vectors_size__ = SIZEOF (.vectors)
                0x000000000001f0d8                __vectors_load_end__ = __vectors_end__
                0x0000000000000001                . = ASSERT (((__vectors_start__ == __vectors_end__) || ((__vectors_end__ - __FLASH_segment_start__) <= __FLASH_segment_size__)), error: .vectors is too large to fit in FLASH memory segment)
                0x000000000001f0d8                __init_load_start__ = ALIGN (__vectors_end__, 0x4)

.init           0x000000000001f0d8      0x1d8
                0x000000000001f0d8                __init_start__ = .
 *(.init .init.*)
 .init          0x000000000001f0d8       0x6c Output/ble_app_thingy_s132_pca20020 debug_v1_0_0/Obj/ses_nrf52_startup.o
                0x000000000001f0d8                NMI_Handler
                0x000000000001f0da                HardFault_Handler
                0x000000000001f0dc                MemoryManagement_Handler
                0x000000000001f0de                BusFault_Handler
                0x000000000001f0e0                UsageFault_Handler
                0x000000000001f0e2                SVC_Handler
                0x000000000001f0e4                DebugMon_Handler
                0x000000000001f0e6                PendSV_Handler
                0x000000000001f0e8                SysTick_Handler
                0x000000000001f0ec                RADIO_IRQHandler
                0x000000000001f0ee                UARTE0_UART0_IRQHandler
                0x000000000001f0f2                SPIM1_SPIS1_TWIM1_TWIS1_SPI1_TWI1_IRQHandler
                0x000000000001f0fa                TIMER0_IRQHandler
                0x000000000001f0fc                TIMER1_IRQHandler
                0x000000000001f0fe                TIMER2_IRQHandler
                0x000000000001f100                RTC0_IRQHandler
                0x000000000001f102                TEMP_IRQHandler
                0x000000000001f106                ECB_IRQHandler
                0x000000000001f108                CCM_AAR_IRQHandler
                0x000000000001f10a                WDT_IRQHandler
                0x000000000001f10e                QDEC_IRQHandler
                0x000000000001f110                COMP_LPCOMP_IRQHandler
                0x000000000001f114                SWI1_EGU1_IRQHandler
                0x000000000001f118                SWI3_EGU3_IRQHandler
                0x000000000001f11a                SWI4_EGU4_IRQHandler
                0x000000000001f11c                SWI5_EGU5_IRQHandler
                0x000000000001f11e                TIMER3_IRQHandler
                0x000000000001f126                MWU_IRQHandler
                0x000000000001f128                PWM1_IRQHandler
                0x000000000001f12a                PWM2_IRQHandler
                0x000000000001f12c                SPIM2_SPIS2_SPI2_IRQHandler
                0x000000000001f12e                RTC2_IRQHandler
                0x000000000001f130                I2S_IRQHandler
                0x000000000001f132                reset_handler
 .init          0x000000000001f144      0x16c Output/ble_app_thingy_s132_pca20020 debug_v1_0_0/Obj/thumb_crt0.o
                0x000000000001f144                _start
                0x000000000001f200                exit
                0x000000000001f2b0                __init_end__ = (__init_start__ + SIZEOF (.init))
                0x00000000000001d8                __init_size__ = SIZEOF (.init)
                0x000000000001f2b0                __init_load_end__ = __init_end__
                0x0000000000000001                . = ASSERT (((__init_start__ == __init_end__) || ((__init_end__ - __FLASH_segment_start__) <= __FLASH_segment_size__)), error: .init is too large to fit in FLASH memory segment)
                0x000000000001f2b0                __init_rodata_load_start__ = ALIGN (__init_end__, 0x4)

.init_rodata    0x000000000001f2b0        0x0
                0x000000000001f2b0                __init_rodata_start__ = .
 *(.init_rodata .init_rodata.*)
                0x000000000001f2b0                __init_rodata_end__ = (__init_rodata_start__ + SIZEOF (.init_rodata))
                0x0000000000000000                __init_rodata_size__ = SIZEOF (.init_rodata)
                0x000000000001f2b0                __init_rodata_load_end__ = __init_rodata_end__
                0x0000000000000001                . = ASSERT (((__init_rodata_start__ == __init_rodata_end__) || ((__init_rodata_end__ - __FLASH_segment_start__) <= __FLASH_segment_size__)), error: .init_rodata is too large to fit in FLASH memory segment)
                0x000000000001f2b0                __text_load_start__ = ALIGN (__init_rodata_end__, 0x4)

.text           0x000000000001f2b0    0x1cc18
                0x000000000001f2b0                __text_start__ = .
 *(.text .text.* .glue_7t .glue_7 .gnu.linkonce.t.* .gcc_except_table .ARM.extab* .gnu.linkonce.armextab.*)
 .glue_7        0x000000000001f2b0        0x0 linker stubs
 .glue_7t       0x000000000001f2b0        0x0 linker stubs
 .text.errata_12
                0x000000000001f2b0       0x40 Output/ble_app_thingy_s132_pca20020 debug_v1_0_0/Obj/system_nrf52.o
 .text.errata_16
                0x000000000001f2f0       0x34 Output/ble_app_thingy_s132_pca20020 debug_v1_0_0/Obj/system_nrf52.o
 .text.SystemInit
                0x000000000001f324      0x1a0 Output/ble_app_thingy_s132_pca20020 debug_v1_0_0/Obj/system_nrf52.o
                0x000000000001f324                SystemInit
 .text.__aeabi_read_tp
                0x000000000001f4c4        0x8 Output/ble_app_thingy_s132_pca20020 debug_v1_0_0/Obj/thumb_crt0.o
                0x000000000001f4c4                __aeabi_read_tp
 .text.NVIC_SystemReset
                0x000000000001f4cc       0x24 Output/ble_app_thingy_s132_pca20020 debug_v1_0_0/Obj/main.o
 .text.sd_power_system_off
                0x000000000001f4f0        0x4 Output/ble_app_thingy_s132_pca20020 debug_v1_0_0/Obj/main.o
 .text.sd_app_evt_wait
                0x000000000001f4f4        0x4 Output/ble_app_thingy_s132_pca20020 debug_v1_0_0/Obj/main.o
 .text.nrf_delay_us
                0x000000000001f4f8       0x88 Output/ble_app_thingy_s132_pca20020 debug_v1_0_0/Obj/main.o
 .text.thingy_ble_evt_handler
                0x000000000001f580       0xc4 Output/ble_app_thingy_s132_pca20020 debug_v1_0_0/Obj/main.o
 .text.m_batt_meas_handler
                0x000000000001f644       0x78 Output/ble_app_thingy_s132_pca20020 debug_v1_0_0/Obj/main.o
 .text.app_error_fault_handler
                0x000000000001f6bc       0x5c Output/ble_app_thingy_s132_pca20020 debug_v1_0_0/Obj/main.o
                0x000000000001f6bc                app_error_fault_handler
 .text.startup.main
                0x000000000001f718      0x1c0 Output/ble_app_thingy_s132_pca20020 debug_v1_0_0/Obj/main.o
                0x000000000001f718                main
 .text.sd_ble_gap_addr_get
                0x000000000001f8d8        0x4 Output/ble_app_thingy_s132_pca20020 debug_v1_0_0/Obj/m_ble.o
 .text.sd_ble_gap_disconnect
                0x000000000001f8dc        0x4 Output/ble_app_thingy_s132_pca20020 debug_v1_0_0/Obj/m_ble.o
 .text.sd_ble_gap_ppcp_set
                0x000000000001f8e0        0x4 Output/ble_app_thingy_s132_pca20020 debug_v1_0_0/Obj/m_ble.o
 .text.sd_ble_gap_device_name_set
                0x000000000001f8e4        0x4 Output/ble_app_thingy_s132_pca20020 debug_v1_0_0/Obj/m_ble.o
 .text.sd_ble_gap_sec_params_reply
                0x000000000001f8e8        0x4 Output/ble_app_thingy_s132_pca20020 debug_v1_0_0/Obj/m_ble.o
 .text.sd_ble_gap_data_length_update
                0x000000000001f8ec        0x4 Output/ble_app_thingy_s132_pca20020 debug_v1_0_0/Obj/m_ble.o
 .text.sd_ble_gattc_exchange_mtu_request
                0x000000000001f8f0        0x4 Output/ble_app_thingy_s132_pca20020 debug_v1_0_0/Obj/m_ble.o
 .text.sd_ble_gatts_sys_attr_set
                0x000000000001f8f4        0x4 Output/ble_app_thingy_s132_pca20020 debug_v1_0_0/Obj/m_ble.o
 .text.sd_ble_gatts_exchange_mtu_reply
                0x000000000001f8f8        0x4 Output/ble_app_thingy_s132_pca20020 debug_v1_0_0/Obj/m_ble.o
 .text.sd_ble_cfg_set
                0x000000000001f8fc        0x4 Output/ble_app_thingy_s132_pca20020 debug_v1_0_0/Obj/m_ble.o
 .text.sd_ble_user_mem_reply
                0x000000000001f900        0x4 Output/ble_app_thingy_s132_pca20020 debug_v1_0_0/Obj/m_ble.o
 .text.sd_power_mode_set
                0x000000000001f904        0x4 Output/ble_app_thingy_s132_pca20020 debug_v1_0_0/Obj/m_ble.o
 .text.sd_power_dcdc_mode_set
                0x000000000001f908        0x4 Output/ble_app_thingy_s132_pca20020 debug_v1_0_0/Obj/m_ble.o
 .text.nrf_delay_us
                0x000000000001f90c       0x88 Output/ble_app_thingy_s132_pca20020 debug_v1_0_0/Obj/m_ble.o
 .text.conn_params_error_handler
                0x000000000001f994       0x28 Output/ble_app_thingy_s132_pca20020 debug_v1_0_0/Obj/m_ble.o
 .text.beacon_advertiser_error_handler
                0x000000000001f9bc       0x10 Output/ble_app_thingy_s132_pca20020 debug_v1_0_0/Obj/m_ble.o
 .text.flash_access_ongoing
                0x000000000001f9cc       0x28 Output/ble_app_thingy_s132_pca20020 debug_v1_0_0/Obj/m_ble.o
 .text.ble_evt_dispatch
                0x000000000001f9f4      0x1a8 Output/ble_app_thingy_s132_pca20020 debug_v1_0_0/Obj/m_ble.o
 .text.sys_evt_dispatch
                0x000000000001fb9c       0x40 Output/ble_app_thingy_s132_pca20020 debug_v1_0_0/Obj/m_ble.o
 .text.on_adv_evt
                0x000000000001fbdc       0x50 Output/ble_app_thingy_s132_pca20020 debug_v1_0_0/Obj/m_ble.o
 .text.on_conn_params_evt
                0x000000000001fc2c       0x4c Output/ble_app_thingy_s132_pca20020 debug_v1_0_0/Obj/m_ble.o
 .text.timeslot_init
                0x000000000001fc78       0x58 Output/ble_app_thingy_s132_pca20020 debug_v1_0_0/Obj/m_ble.o
 .text.tcs_evt_handler
                0x000000000001fcd0      0x1bc Output/ble_app_thingy_s132_pca20020 debug_v1_0_0/Obj/m_ble.o
 .text.nfc_init
                0x000000000001fe8c      0x1ac Output/ble_app_thingy_s132_pca20020 debug_v1_0_0/Obj/m_ble.o
                0x000000000001fe8c                nfc_init
 .text.m_ble_init
                0x0000000000020038      0x708 Output/ble_app_thingy_s132_pca20020 debug_v1_0_0/Obj/m_ble.o
                0x0000000000020038                m_ble_init
 .text.tc_fds_evt_handler
                0x0000000000020740       0xac Output/ble_app_thingy_s132_pca20020 debug_v1_0_0/Obj/m_ble_flash.o
 .text.m_ble_flash_config_store
                0x00000000000207ec       0x7c Output/ble_app_thingy_s132_pca20020 debug_v1_0_0/Obj/m_ble_flash.o
                0x00000000000207ec                m_ble_flash_config_store
 .text.m_ble_flash_config_load
                0x0000000000020868       0xa0 Output/ble_app_thingy_s132_pca20020 debug_v1_0_0/Obj/m_ble_flash.o
                0x0000000000020868                m_ble_flash_config_load
 .text.m_ble_flash_init
                0x0000000000020908      0x12c Output/ble_app_thingy_s132_pca20020 debug_v1_0_0/Obj/m_ble_flash.o
                0x0000000000020908                m_ble_flash_init
 .text.env_fds_evt_handler
                0x0000000000020a34       0xc0 Output/ble_app_thingy_s132_pca20020 debug_v1_0_0/Obj/m_environment_flash.o
 .text.m_env_flash_config_store
                0x0000000000020af4       0x78 Output/ble_app_thingy_s132_pca20020 debug_v1_0_0/Obj/m_environment_flash.o
                0x0000000000020af4                m_env_flash_config_store
 .text.m_env_flash_config_load
                0x0000000000020b6c       0xa0 Output/ble_app_thingy_s132_pca20020 debug_v1_0_0/Obj/m_environment_flash.o
                0x0000000000020b6c                m_env_flash_config_load
 .text.m_env_flash_baseline_store
                0x0000000000020c0c       0x6c Output/ble_app_thingy_s132_pca20020 debug_v1_0_0/Obj/m_environment_flash.o
                0x0000000000020c0c                m_env_flash_baseline_store
 .text.m_env_flash_baseline_load
                0x0000000000020c78       0x94 Output/ble_app_thingy_s132_pca20020 debug_v1_0_0/Obj/m_environment_flash.o
                0x0000000000020c78                m_env_flash_baseline_load
 .text.m_env_flash_init
                0x0000000000020d0c      0x1cc Output/ble_app_thingy_s132_pca20020 debug_v1_0_0/Obj/m_environment_flash.o
                0x0000000000020d0c                m_env_flash_init
 .text.thingy_ui_service_init
                0x0000000000020ed8       0x7c Output/ble_app_thingy_s132_pca20020 debug_v1_0_0/Obj/m_ui.o
 .text.ble_uis_pin_write_handler
                0x0000000000020f54       0x78 Output/ble_app_thingy_s132_pca20020 debug_v1_0_0/Obj/m_ui.o
 .text.button_evt_handler
                0x0000000000020fcc       0x34 Output/ble_app_thingy_s132_pca20020 debug_v1_0_0/Obj/m_ui.o
 .text.led_set  0x0000000000021000      0x1ac Output/ble_app_thingy_s132_pca20020 debug_v1_0_0/Obj/m_ui.o
 .text.ble_uis_led_write_handler
                0x00000000000211ac       0x38 Output/ble_app_thingy_s132_pca20020 debug_v1_0_0/Obj/m_ui.o
 .text.m_ui_led_set_event.part.2
                0x00000000000211e4       0x38 Output/ble_app_thingy_s132_pca20020 debug_v1_0_0/Obj/m_ui.o
 .text.thingy_ui_on_ble_evt
                0x000000000002121c       0x68 Output/ble_app_thingy_s132_pca20020 debug_v1_0_0/Obj/m_ui.o
 .text.m_ui_led_set_event
                0x0000000000021284       0x68 Output/ble_app_thingy_s132_pca20020 debug_v1_0_0/Obj/m_ui.o
                0x0000000000021284                m_ui_led_set_event
 .text.m_ui_init
                0x00000000000212ec      0x10c Output/ble_app_thingy_s132_pca20020 debug_v1_0_0/Obj/m_ui.o
                0x00000000000212ec                m_ui_init
 .text.ui_fds_evt_handler
                0x00000000000213f8       0x90 Output/ble_app_thingy_s132_pca20020 debug_v1_0_0/Obj/m_ui_flash.o
 .text.m_ui_flash_config_store
                0x0000000000021488       0x78 Output/ble_app_thingy_s132_pca20020 debug_v1_0_0/Obj/m_ui_flash.o
                0x0000000000021488                m_ui_flash_config_store
 .text.m_ui_flash_config_load
                0x0000000000021500       0xa0 Output/ble_app_thingy_s132_pca20020 debug_v1_0_0/Obj/m_ui_flash.o
                0x0000000000021500                m_ui_flash_config_load
 .text.m_ui_flash_init
                0x00000000000215a0      0x100 Output/ble_app_thingy_s132_pca20020 debug_v1_0_0/Obj/m_ui_flash.o
                0x00000000000215a0                m_ui_flash_init
 .text.sound_service_init
                0x00000000000216a0       0x54 Output/ble_app_thingy_s132_pca20020 debug_v1_0_0/Obj/m_sound.o
 .text.ble_tss_evt_handler
                0x00000000000216f4       0xc8 Output/ble_app_thingy_s132_pca20020 debug_v1_0_0/Obj/m_sound.o
 .text.drv_mic_data_handler
                0x00000000000217bc       0x3c Output/ble_app_thingy_s132_pca20020 debug_v1_0_0/Obj/m_sound.o
 .text.drv_speaker_evt_handler
                0x00000000000217f8       0x58 Output/ble_app_thingy_s132_pca20020 debug_v1_0_0/Obj/m_sound.o
 .text.sound_on_ble_evt
                0x0000000000021850       0x30 Output/ble_app_thingy_s132_pca20020 debug_v1_0_0/Obj/m_sound.o
 .text.m_sound_init
                0x0000000000021880       0x54 Output/ble_app_thingy_s132_pca20020 debug_v1_0_0/Obj/m_sound.o
                0x0000000000021880                m_sound_init
 .text.sd_radio_session_open
                0x00000000000218d4        0x4 Output/ble_app_thingy_s132_pca20020 debug_v1_0_0/Obj/advertiser_beacon_timeslot.o
 .text.sd_radio_session_close
                0x00000000000218d8        0x4 Output/ble_app_thingy_s132_pca20020 debug_v1_0_0/Obj/advertiser_beacon_timeslot.o
 .text.sd_radio_request
                0x00000000000218dc        0x4 Output/ble_app_thingy_s132_pca20020 debug_v1_0_0/Obj/advertiser_beacon_timeslot.o
 .text.m_configure_next_event
                0x00000000000218e0       0x20 Output/ble_app_thingy_s132_pca20020 debug_v1_0_0/Obj/advertiser_beacon_timeslot.o
                0x00000000000218e0                m_configure_next_event
 .text.m_request_earliest
                0x0000000000021900       0x24 Output/ble_app_thingy_s132_pca20020 debug_v1_0_0/Obj/advertiser_beacon_timeslot.o
                0x0000000000021900                m_request_earliest
 .text.m_handle_start
                0x0000000000021924      0x110 Output/ble_app_thingy_s132_pca20020 debug_v1_0_0/Obj/advertiser_beacon_timeslot.o
                0x0000000000021924                m_handle_start
 .text.m_handle_radio_disabled
                0x0000000000021a34       0x50 Output/ble_app_thingy_s132_pca20020 debug_v1_0_0/Obj/advertiser_beacon_timeslot.o
                0x0000000000021a34                m_handle_radio_disabled
 .text.m_timeslot_callback
                0x0000000000021a84       0x84 Output/ble_app_thingy_s132_pca20020 debug_v1_0_0/Obj/advertiser_beacon_timeslot.o
 .text.app_beacon_on_sys_evt
                0x0000000000021b08       0x4c Output/ble_app_thingy_s132_pca20020 debug_v1_0_0/Obj/advertiser_beacon_timeslot.o
                0x0000000000021b08                app_beacon_on_sys_evt
 .text.app_beacon_init
                0x0000000000021b54       0x40 Output/ble_app_thingy_s132_pca20020 debug_v1_0_0/Obj/advertiser_beacon_timeslot.o
                0x0000000000021b54                app_beacon_init
 .text.app_beacon_start
                0x0000000000021b94       0x44 Output/ble_app_thingy_s132_pca20020 debug_v1_0_0/Obj/advertiser_beacon_timeslot.o
                0x0000000000021b94                app_beacon_start
 .text.app_beacon_stop
                0x0000000000021bd8       0x1c Output/ble_app_thingy_s132_pca20020 debug_v1_0_0/Obj/advertiser_beacon_timeslot.o
                0x0000000000021bd8                app_beacon_stop
 .text.twi_manager_request
                0x0000000000021bf4       0x5c Output/ble_app_thingy_s132_pca20020 debug_v1_0_0/Obj/twi_manager.o
                0x0000000000021bf4                twi_manager_request
 .text.twi_manager_init
                0x0000000000021c50       0x14 Output/ble_app_thingy_s132_pca20020 debug_v1_0_0/Obj/twi_manager.o
                0x0000000000021c50                twi_manager_init
 .text.batt_event_handler_charge
                0x0000000000021c64       0x24 Output/ble_app_thingy_s132_pca20020 debug_v1_0_0/Obj/m_batt_meas.o
 .text.ble_bas_evt_handler
                0x0000000000021c88        0x2 Output/ble_app_thingy_s132_pca20020 debug_v1_0_0/Obj/m_batt_meas.o
 *fill*         0x0000000000021c8a        0x2 
 .text.app_timer_periodic_handler
                0x0000000000021c8c       0xbc Output/ble_app_thingy_s132_pca20020 debug_v1_0_0/Obj/m_batt_meas.o
 .text.gpiote_evt_handler
                0x0000000000021d48       0x58 Output/ble_app_thingy_s132_pca20020 debug_v1_0_0/Obj/m_batt_meas.o
 .text.batt_event_handler_adc
                0x0000000000021da0       0xb8 Output/ble_app_thingy_s132_pca20020 debug_v1_0_0/Obj/m_batt_meas.o
 .text.saadc_event_handler_interrupt
                0x0000000000021e58       0xcc Output/ble_app_thingy_s132_pca20020 debug_v1_0_0/Obj/m_batt_meas.o
 .text.battery_service_init
                0x0000000000021f24       0x78 Output/ble_app_thingy_s132_pca20020 debug_v1_0_0/Obj/m_batt_meas.o
 .text.battery_on_ble_evt
                0x0000000000021f9c        0xc Output/ble_app_thingy_s132_pca20020 debug_v1_0_0/Obj/m_batt_meas.o
 .text.m_batt_meas_enable
                0x0000000000021fa8       0xa8 Output/ble_app_thingy_s132_pca20020 debug_v1_0_0/Obj/m_batt_meas.o
                0x0000000000021fa8                m_batt_meas_enable
 .text.m_batt_meas_init
                0x0000000000022050      0x1bc Output/ble_app_thingy_s132_pca20020 debug_v1_0_0/Obj/m_batt_meas.o
                0x0000000000022050                m_batt_meas_init
 .text.sd_softdevice_is_enabled
                0x000000000002220c        0x4 Output/ble_app_thingy_s132_pca20020 debug_v1_0_0/Obj/support_func.o
 .text.sd_ble_gap_addr_get
                0x0000000000022210        0x4 Output/ble_app_thingy_s132_pca20020 debug_v1_0_0/Obj/support_func.o
 .text.nrf_pin_cfg
                0x0000000000022214       0x84 Output/ble_app_thingy_s132_pca20020 debug_v1_0_0/Obj/support_func.o
 .text.configure_default_ioext_gpio_state
                0x0000000000022298       0xe0 Output/ble_app_thingy_s132_pca20020 debug_v1_0_0/Obj/support_func.o
 .text.support_func_ble_mac_address_get
                0x0000000000022378       0xb0 Output/ble_app_thingy_s132_pca20020 debug_v1_0_0/Obj/support_func.o
                0x0000000000022378                support_func_ble_mac_address_get
 .text.support_func_sys_halt_debug_enabled
                0x0000000000022428       0x10 Output/ble_app_thingy_s132_pca20020 debug_v1_0_0/Obj/support_func.o
                0x0000000000022428                support_func_sys_halt_debug_enabled
 .text.support_func_configure_io_startup
                0x0000000000022438      0x138 Output/ble_app_thingy_s132_pca20020 debug_v1_0_0/Obj/support_func.o
                0x0000000000022438                support_func_configure_io_startup
 .text.support_func_configure_io_shutdown
                0x0000000000022570       0x8c Output/ble_app_thingy_s132_pca20020 debug_v1_0_0/Obj/support_func.o
                0x0000000000022570                support_func_configure_io_shutdown
 .text.nus_data_handler
                0x00000000000225fc        0x2 Output/ble_app_thingy_s132_pca20020 debug_v1_0_0/Obj/m_environment_nus.o
 .text.drv_color_data_handler
                0x00000000000225fe        0x6 Output/ble_app_thingy_s132_pca20020 debug_v1_0_0/Obj/m_environment_nus.o
 .text.color_timeout_handler
                0x0000000000022604       0x40 Output/ble_app_thingy_s132_pca20020 debug_v1_0_0/Obj/m_environment_nus.o
 .text.humidity_timeout_handler
                0x0000000000022644       0x1c Output/ble_app_thingy_s132_pca20020 debug_v1_0_0/Obj/m_environment_nus.o
 .text.temperature_timeout_handler
                0x0000000000022660       0x28 Output/ble_app_thingy_s132_pca20020 debug_v1_0_0/Obj/m_environment_nus.o
 .text.pressure_timeout_handler
                0x0000000000022688       0x1c Output/ble_app_thingy_s132_pca20020 debug_v1_0_0/Obj/m_environment_nus.o
 .text.drv_motion_evt_handler
                0x00000000000226a4      0x42c Output/ble_app_thingy_s132_pca20020 debug_v1_0_0/Obj/m_environment_nus.o
 .text.gas_calib_timeout_handler
                0x0000000000022ad0       0x90 Output/ble_app_thingy_s132_pca20020 debug_v1_0_0/Obj/m_environment_nus.o
 .text.environment_service_init
                0x0000000000022b60      0x1bc Output/ble_app_thingy_s132_pca20020 debug_v1_0_0/Obj/m_environment_nus.o
 .text.drv_pressure_evt_handler
                0x0000000000022d1c       0x28 Output/ble_app_thingy_s132_pca20020 debug_v1_0_0/Obj/m_environment_nus.o
 .text.drv_humidity_evt_handler
                0x0000000000022d44      0x154 Output/ble_app_thingy_s132_pca20020 debug_v1_0_0/Obj/m_environment_nus.o
 .text.drv_gas_data_handler
                0x0000000000022e98       0x8c Output/ble_app_thingy_s132_pca20020 debug_v1_0_0/Obj/m_environment_nus.o
 .text.m_motion_sleep_prepare
                0x0000000000022f24        0x4 Output/ble_app_thingy_s132_pca20020 debug_v1_0_0/Obj/m_environment_nus.o
                0x0000000000022f24                m_motion_sleep_prepare
 .text.m_environment_stop
                0x0000000000022f28      0x1f8 Output/ble_app_thingy_s132_pca20020 debug_v1_0_0/Obj/m_environment_nus.o
                0x0000000000022f28                m_environment_stop
 .text.environment_on_ble_evt
                0x0000000000023120      0x170 Output/ble_app_thingy_s132_pca20020 debug_v1_0_0/Obj/m_environment_nus.o
 .text.m_environment_init
                0x0000000000023290      0x228 Output/ble_app_thingy_s132_pca20020 debug_v1_0_0/Obj/m_environment_nus.o
                0x0000000000023290                m_environment_init
 .text.motion_fds_evt_handler
                0x00000000000234b8       0x68 Output/ble_app_thingy_s132_pca20020 debug_v1_0_0/Obj/m_motion_flash.o
 .text.m_motion_flash_config_store
                0x0000000000023520       0x6c Output/ble_app_thingy_s132_pca20020 debug_v1_0_0/Obj/m_motion_flash.o
                0x0000000000023520                m_motion_flash_config_store
 .text.m_motion_flash_config_load
                0x000000000002358c       0x94 Output/ble_app_thingy_s132_pca20020 debug_v1_0_0/Obj/m_motion_flash.o
                0x000000000002358c                m_motion_flash_config_load
 .text.m_motion_flash_init
                0x0000000000023620       0xe4 Output/ble_app_thingy_s132_pca20020 debug_v1_0_0/Obj/m_motion_flash.o
                0x0000000000023620                m_motion_flash_init
 .text.m_is_monochrome_light
                0x0000000000023704       0x14 Output/ble_app_thingy_s132_pca20020 debug_v1_0_0/Obj/drv_ext_light.o
 .text.ioext_osc_start_stop
                0x0000000000023718       0xa0 Output/ble_app_thingy_s132_pca20020 debug_v1_0_0/Obj/drv_ext_light.o
 .text.m_ioext_osc_status_change
                0x00000000000237b8       0x84 Output/ble_app_thingy_s132_pca20020 debug_v1_0_0/Obj/drv_ext_light.o
 .text.m_ioext_led_drv_ctrl.isra.3
                0x000000000002383c      0x16c Output/ble_app_thingy_s132_pca20020 debug_v1_0_0/Obj/drv_ext_light.o
 .text.m_ioext_cmd_process_rgb_intensity.isra.5
                0x00000000000239a8       0x30 Output/ble_app_thingy_s132_pca20020 debug_v1_0_0/Obj/drv_ext_light.o
 .text.m_port_mask_create
                0x00000000000239d8       0x60 Output/ble_app_thingy_s132_pca20020 debug_v1_0_0/Obj/drv_ext_light.o
 .text.m_light_timer_handler
                0x0000000000023a38      0x188 Output/ble_app_thingy_s132_pca20020 debug_v1_0_0/Obj/drv_ext_light.o
 .text.m_ioext_color_select_cmd_send
                0x0000000000023bc0       0xd0 Output/ble_app_thingy_s132_pca20020 debug_v1_0_0/Obj/drv_ext_light.o
 .text.m_ioext_cmd_process
                0x0000000000023c90      0x374 Output/ble_app_thingy_s132_pca20020 debug_v1_0_0/Obj/drv_ext_light.o
 .text.io_extender_counters_resync
                0x0000000000024004       0xa4 Output/ble_app_thingy_s132_pca20020 debug_v1_0_0/Obj/drv_ext_light.o
                0x0000000000024004                io_extender_counters_resync
 .text.drv_ext_light_off
                0x00000000000240a8       0x70 Output/ble_app_thingy_s132_pca20020 debug_v1_0_0/Obj/drv_ext_light.o
                0x00000000000240a8                drv_ext_light_off
 .text.drv_ext_light_rgb_intensity_set
                0x0000000000024118      0x14c Output/ble_app_thingy_s132_pca20020 debug_v1_0_0/Obj/drv_ext_light.o
                0x0000000000024118                drv_ext_light_rgb_intensity_set
 .text.drv_ext_light_rgb_sequence
                0x0000000000024264       0x74 Output/ble_app_thingy_s132_pca20020 debug_v1_0_0/Obj/drv_ext_light.o
                0x0000000000024264                drv_ext_light_rgb_sequence
 .text.drv_ext_light_init
                0x00000000000242d8      0x31c Output/ble_app_thingy_s132_pca20020 debug_v1_0_0/Obj/drv_ext_light.o
                0x00000000000242d8                drv_ext_light_init
 .text.multi_byte_register_set
                0x00000000000245f4       0x2c Output/ble_app_thingy_s132_pca20020 debug_v1_0_0/Obj/drv_ccs811.o
 .text.reg_get  0x0000000000024620       0x48 Output/ble_app_thingy_s132_pca20020 debug_v1_0_0/Obj/drv_ccs811.o
 .text.multi_byte_register_get
                0x0000000000024668       0x48 Output/ble_app_thingy_s132_pca20020 debug_v1_0_0/Obj/drv_ccs811.o
 .text.drv_ccs811_init
                0x00000000000246b0        0xc Output/ble_app_thingy_s132_pca20020 debug_v1_0_0/Obj/drv_ccs811.o
                0x00000000000246b0                drv_ccs811_init
 .text.drv_ccs811_open
                0x00000000000246bc       0x30 Output/ble_app_thingy_s132_pca20020 debug_v1_0_0/Obj/drv_ccs811.o
                0x00000000000246bc                drv_ccs811_open
 .text.drv_ccs811_status_get
                0x00000000000246ec       0x12 Output/ble_app_thingy_s132_pca20020 debug_v1_0_0/Obj/drv_ccs811.o
                0x00000000000246ec                drv_ccs811_status_get
 .text.drv_ccs811_meas_mode_get
                0x00000000000246fe       0x12 Output/ble_app_thingy_s132_pca20020 debug_v1_0_0/Obj/drv_ccs811.o
                0x00000000000246fe                drv_ccs811_meas_mode_get
 .text.drv_ccs811_meas_mode_modify
                0x0000000000024710       0x70 Output/ble_app_thingy_s132_pca20020 debug_v1_0_0/Obj/drv_ccs811.o
                0x0000000000024710                drv_ccs811_meas_mode_modify
 .text.drv_ccs811_alg_result_data_get
                0x0000000000024780       0xc0 Output/ble_app_thingy_s132_pca20020 debug_v1_0_0/Obj/drv_ccs811.o
                0x0000000000024780                drv_ccs811_alg_result_data_get
 .text.drv_ccs811_env_data_set
                0x0000000000024840       0xa0 Output/ble_app_thingy_s132_pca20020 debug_v1_0_0/Obj/drv_ccs811.o
                0x0000000000024840                drv_ccs811_env_data_set
 .text.drv_ccs811_baseline_get
                0x00000000000248e0       0x2e Output/ble_app_thingy_s132_pca20020 debug_v1_0_0/Obj/drv_ccs811.o
                0x00000000000248e0                drv_ccs811_baseline_get
 .text.drv_ccs811_baseline_set
                0x000000000002490e       0x26 Output/ble_app_thingy_s132_pca20020 debug_v1_0_0/Obj/drv_ccs811.o
                0x000000000002490e                drv_ccs811_baseline_set
 .text.drv_ccs811_hw_id_get
                0x0000000000024934       0x18 Output/ble_app_thingy_s132_pca20020 debug_v1_0_0/Obj/drv_ccs811.o
                0x0000000000024934                drv_ccs811_hw_id_get
 .text.drv_ccs811_err_id_get
                0x000000000002494c       0x12 Output/ble_app_thingy_s132_pca20020 debug_v1_0_0/Obj/drv_ccs811.o
                0x000000000002494c                drv_ccs811_err_id_get
 .text.drv_ccs811_app_start
                0x000000000002495e       0x34 Output/ble_app_thingy_s132_pca20020 debug_v1_0_0/Obj/drv_ccs811.o
                0x000000000002495e                drv_ccs811_app_start
 *fill*         0x0000000000024992        0x2 
 .text.drv_ccs811_close
                0x0000000000024994       0x24 Output/ble_app_thingy_s132_pca20020 debug_v1_0_0/Obj/drv_ccs811.o
                0x0000000000024994                drv_ccs811_close
 .text.nrf_delay_us.part.1
                0x00000000000249b8       0x88 Output/ble_app_thingy_s132_pca20020 debug_v1_0_0/Obj/drv_gas_sensor.o
 .text.ccs811_open
                0x0000000000024a40       0x4c Output/ble_app_thingy_s132_pca20020 debug_v1_0_0/Obj/drv_gas_sensor.o
 .text.ccs811_close
                0x0000000000024a8c       0x44 Output/ble_app_thingy_s132_pca20020 debug_v1_0_0/Obj/drv_gas_sensor.o
 .text.gpiote_evt_sceduled
                0x0000000000024ad0       0x68 Output/ble_app_thingy_s132_pca20020 debug_v1_0_0/Obj/drv_gas_sensor.o
 .text.gpiote_evt_handler
                0x0000000000024b38       0x34 Output/ble_app_thingy_s132_pca20020 debug_v1_0_0/Obj/drv_gas_sensor.o
 .text.drv_gas_sensor_calibrate_humid_temp
                0x0000000000024b6c       0x84 Output/ble_app_thingy_s132_pca20020 debug_v1_0_0/Obj/drv_gas_sensor.o
                0x0000000000024b6c                drv_gas_sensor_calibrate_humid_temp
 .text.drv_gas_sensor_baseline_get
                0x0000000000024bf0       0x80 Output/ble_app_thingy_s132_pca20020 debug_v1_0_0/Obj/drv_gas_sensor.o
                0x0000000000024bf0                drv_gas_sensor_baseline_get
 .text.drv_gas_sensor_baseline_set
                0x0000000000024c70       0x80 Output/ble_app_thingy_s132_pca20020 debug_v1_0_0/Obj/drv_gas_sensor.o
                0x0000000000024c70                drv_gas_sensor_baseline_set
 .text.drv_gas_sensor_start
                0x0000000000024cf0      0x21c Output/ble_app_thingy_s132_pca20020 debug_v1_0_0/Obj/drv_gas_sensor.o
                0x0000000000024cf0                drv_gas_sensor_start
 .text.drv_gas_sensor_stop
                0x0000000000024f0c      0x11c Output/ble_app_thingy_s132_pca20020 debug_v1_0_0/Obj/drv_gas_sensor.o
                0x0000000000024f0c                drv_gas_sensor_stop
 .text.drv_gas_sensor_init
                0x0000000000025028      0x208 Output/ble_app_thingy_s132_pca20020 debug_v1_0_0/Obj/drv_gas_sensor.o
                0x0000000000025028                drv_gas_sensor_init
 .text.reg_write
                0x0000000000025230       0x48 Output/ble_app_thingy_s132_pca20020 debug_v1_0_0/Obj/drv_bh1745.o
 .text.reg_read
                0x0000000000025278       0x6c Output/ble_app_thingy_s132_pca20020 debug_v1_0_0/Obj/drv_bh1745.o
 .text.drv_bh1745_init
                0x00000000000252e4        0xc Output/ble_app_thingy_s132_pca20020 debug_v1_0_0/Obj/drv_bh1745.o
                0x00000000000252e4                drv_bh1745_init
 .text.drv_bh1745_open
                0x00000000000252f0       0x48 Output/ble_app_thingy_s132_pca20020 debug_v1_0_0/Obj/drv_bh1745.o
                0x00000000000252f0                drv_bh1745_open
 .text.drv_bh1745_close
                0x0000000000025338       0x20 Output/ble_app_thingy_s132_pca20020 debug_v1_0_0/Obj/drv_bh1745.o
                0x0000000000025338                drv_bh1745_close
 .text.drv_bh1745_manu_id_get
                0x0000000000025358       0x18 Output/ble_app_thingy_s132_pca20020 debug_v1_0_0/Obj/drv_bh1745.o
                0x0000000000025358                drv_bh1745_manu_id_get
 .text.drv_bh1745_part_id_get
                0x0000000000025370       0x50 Output/ble_app_thingy_s132_pca20020 debug_v1_0_0/Obj/drv_bh1745.o
                0x0000000000025370                drv_bh1745_part_id_get
 .text.drv_bh1745_sw_reset
                0x00000000000253c0       0x58 Output/ble_app_thingy_s132_pca20020 debug_v1_0_0/Obj/drv_bh1745.o
                0x00000000000253c0                drv_bh1745_sw_reset
 .text.drv_bh1745_meas_enable
                0x0000000000025418       0x80 Output/ble_app_thingy_s132_pca20020 debug_v1_0_0/Obj/drv_bh1745.o
                0x0000000000025418                drv_bh1745_meas_enable
 .text.drv_bh1745_int_get
                0x0000000000025498       0x18 Output/ble_app_thingy_s132_pca20020 debug_v1_0_0/Obj/drv_bh1745.o
                0x0000000000025498                drv_bh1745_int_get
 .text.drv_color_init
                0x00000000000254b0      0x128 Output/ble_app_thingy_s132_pca20020 debug_v1_0_0/Obj/drv_color.o
                0x00000000000254b0                drv_color_init
 .text.drv_color_sample
                0x00000000000255d8       0x80 Output/ble_app_thingy_s132_pca20020 debug_v1_0_0/Obj/drv_color.o
                0x00000000000255d8                drv_color_sample
 .text.drv_color_stop
                0x0000000000025658       0x84 Output/ble_app_thingy_s132_pca20020 debug_v1_0_0/Obj/drv_color.o
                0x0000000000025658                drv_color_stop
 .text.ramp_down
                0x00000000000256dc       0x38 Output/ble_app_thingy_s132_pca20020 debug_v1_0_0/Obj/drv_speaker.o
 .text.seq0_buffer_update
                0x0000000000025714       0x9c Output/ble_app_thingy_s132_pca20020 debug_v1_0_0/Obj/drv_speaker.o
 .text.seq1_buffer_update
                0x00000000000257b0       0xa8 Output/ble_app_thingy_s132_pca20020 debug_v1_0_0/Obj/drv_speaker.o
 .text.pwm_handler
                0x0000000000025858       0x64 Output/ble_app_thingy_s132_pca20020 debug_v1_0_0/Obj/drv_speaker.o
 .text.drv_speaker_flash_pcm_play
                0x00000000000258bc       0x54 Output/ble_app_thingy_s132_pca20020 debug_v1_0_0/Obj/drv_speaker.o
                0x00000000000258bc                drv_speaker_flash_pcm_play
 .text.drv_speaker_ble_pcm_play
                0x0000000000025910      0x1b0 Output/ble_app_thingy_s132_pca20020 debug_v1_0_0/Obj/drv_speaker.o
                0x0000000000025910                drv_speaker_ble_pcm_play
 .text.drv_speaker_sample_play
                0x0000000000025ac0       0x20 Output/ble_app_thingy_s132_pca20020 debug_v1_0_0/Obj/drv_speaker.o
                0x0000000000025ac0                drv_speaker_sample_play
 .text.drv_speaker_tone_start
                0x0000000000025ae0      0x124 Output/ble_app_thingy_s132_pca20020 debug_v1_0_0/Obj/drv_speaker.o
                0x0000000000025ae0                drv_speaker_tone_start
 .text.drv_speaker_init
                0x0000000000025c04       0x78 Output/ble_app_thingy_s132_pca20020 debug_v1_0_0/Obj/drv_speaker.o
                0x0000000000025c04                drv_speaker_init
 .text.gpiote_evt_sceduled
                0x0000000000025c7c       0x20 Output/ble_app_thingy_s132_pca20020 debug_v1_0_0/Obj/drv_mpu9250.o
 .text.twi_open
                0x0000000000025c9c       0x2c Output/ble_app_thingy_s132_pca20020 debug_v1_0_0/Obj/drv_mpu9250.o
 .text.gpiote_evt_handler
                0x0000000000025cc8       0x5c Output/ble_app_thingy_s132_pca20020 debug_v1_0_0/Obj/drv_mpu9250.o
 .text.drv_mpu9250_write
                0x0000000000025d24       0x74 Output/ble_app_thingy_s132_pca20020 debug_v1_0_0/Obj/drv_mpu9250.o
                0x0000000000025d24                drv_mpu9250_write
 .text.drv_mpu9250_read
                0x0000000000025d98       0x70 Output/ble_app_thingy_s132_pca20020 debug_v1_0_0/Obj/drv_mpu9250.o
                0x0000000000025d98                drv_mpu9250_read
 .text.drv_mpu9250_ms_get
                0x0000000000025e08       0x16 Output/ble_app_thingy_s132_pca20020 debug_v1_0_0/Obj/drv_mpu9250.o
                0x0000000000025e08                drv_mpu9250_ms_get
 *fill*         0x0000000000025e1e        0x2 
 .text.drv_mpu9250_int_register
                0x0000000000025e20       0x18 Output/ble_app_thingy_s132_pca20020 debug_v1_0_0/Obj/drv_mpu9250.o
                0x0000000000025e20                drv_mpu9250_int_register
 .text.drv_mpu9250_enable
                0x0000000000025e38       0x60 Output/ble_app_thingy_s132_pca20020 debug_v1_0_0/Obj/drv_mpu9250.o
                0x0000000000025e38                drv_mpu9250_enable
 .text.drv_mpu9250_init
                0x0000000000025e98       0x20 Output/ble_app_thingy_s132_pca20020 debug_v1_0_0/Obj/drv_mpu9250.o
                0x0000000000025e98                drv_mpu9250_init
 .text.mpulib_orient_cb
                0x0000000000025eb8       0x2c Output/ble_app_thingy_s132_pca20020 debug_v1_0_0/Obj/drv_motion.o
 .text.temp_timeout_handler
                0x0000000000025ee4        0xc Output/ble_app_thingy_s132_pca20020 debug_v1_0_0/Obj/drv_motion.o
 .text.compass_timeout_handler
                0x0000000000025ef0        0xc Output/ble_app_thingy_s132_pca20020 debug_v1_0_0/Obj/drv_motion.o
 .text.pedo_timeout_handler
                0x0000000000025efc        0xc Output/ble_app_thingy_s132_pca20020 debug_v1_0_0/Obj/drv_motion.o
 .text.mpulib_tap_cb
                0x0000000000025f08       0x30 Output/ble_app_thingy_s132_pca20020 debug_v1_0_0/Obj/drv_motion.o
 .text.mpulib_data_handler_cb
                0x0000000000025f38      0x31c Output/ble_app_thingy_s132_pca20020 debug_v1_0_0/Obj/drv_motion.o
 .text.mpu9250_power.constprop.5
                0x0000000000026254       0x30 Output/ble_app_thingy_s132_pca20020 debug_v1_0_0/Obj/drv_motion.o
 .text.print_sensor_status
                0x0000000000026284       0x2c Output/ble_app_thingy_s132_pca20020 debug_v1_0_0/Obj/drv_motion.o
                0x0000000000026284                print_sensor_status
 .text.drv_motion_enable
                0x00000000000262b0      0x518 Output/ble_app_thingy_s132_pca20020 debug_v1_0_0/Obj/drv_motion.o
                0x00000000000262b0                drv_motion_enable
 .text.drv_motion_disable
                0x00000000000267c8       0xb0 Output/ble_app_thingy_s132_pca20020 debug_v1_0_0/Obj/drv_motion.o
                0x00000000000267c8                drv_motion_disable
 .text.drv_motion_config
                0x0000000000026878       0x48 Output/ble_app_thingy_s132_pca20020 debug_v1_0_0/Obj/drv_motion.o
                0x0000000000026878                drv_motion_config
 .text.drv_motion_sleep_prepare
                0x00000000000268c0        0x4 Output/ble_app_thingy_s132_pca20020 debug_v1_0_0/Obj/drv_motion.o
                0x00000000000268c0                drv_motion_sleep_prepare
 .text.drv_motion_init
                0x00000000000268c4      0x158 Output/ble_app_thingy_s132_pca20020 debug_v1_0_0/Obj/drv_motion.o
                0x00000000000268c4                drv_motion_init
 .text.nrf_delay_us
                0x0000000000026a1c       0x88 Output/ble_app_thingy_s132_pca20020 debug_v1_0_0/Obj/drv_acc_lis3dh.o
 .text.twi_open
                0x0000000000026aa4       0x44 Output/ble_app_thingy_s132_pca20020 debug_v1_0_0/Obj/drv_acc_lis3dh.o
 .text.lis3dh_read_regs
                0x0000000000026ae8       0x68 Output/ble_app_thingy_s132_pca20020 debug_v1_0_0/Obj/drv_acc_lis3dh.o
 .text.lis3dh_int1_clear
                0x0000000000026b50       0x34 Output/ble_app_thingy_s132_pca20020 debug_v1_0_0/Obj/drv_acc_lis3dh.o
 .text.lis3dh_write_regs.part.3
                0x0000000000026b84       0x58 Output/ble_app_thingy_s132_pca20020 debug_v1_0_0/Obj/drv_acc_lis3dh.o
 .text.drv_acc_wakeup_prepare
                0x0000000000026bdc      0x158 Output/ble_app_thingy_s132_pca20020 debug_v1_0_0/Obj/drv_acc_lis3dh.o
                0x0000000000026bdc                drv_acc_wakeup_prepare
 .text.drv_acc_init
                0x0000000000026d34      0x12c Output/ble_app_thingy_s132_pca20020 debug_v1_0_0/Obj/drv_acc_lis3dh.o
                0x0000000000026d34                drv_acc_init
 .text.drv_pressure_init
                0x0000000000026e60       0xb8 Output/ble_app_thingy_s132_pca20020 debug_v1_0_0/Obj/drv_pressure.o
                0x0000000000026e60                drv_pressure_init
 .text.drv_pressure_disable
                0x0000000000026f18       0x6c Output/ble_app_thingy_s132_pca20020 debug_v1_0_0/Obj/drv_pressure.o
                0x0000000000026f18                drv_pressure_disable
 .text.drv_pressure_get
                0x0000000000026f84       0x68 Output/ble_app_thingy_s132_pca20020 debug_v1_0_0/Obj/drv_pressure.o
                0x0000000000026f84                drv_pressure_get
 .text.drv_pressure_sample
                0x0000000000026fec       0x40 Output/ble_app_thingy_s132_pca20020 debug_v1_0_0/Obj/drv_pressure.o
                0x0000000000026fec                drv_pressure_sample
 .text.reg_write
                0x000000000002702c       0x48 Output/ble_app_thingy_s132_pca20020 debug_v1_0_0/Obj/drv_lps22hb.o
 .text.reg_read
                0x0000000000027074       0x6c Output/ble_app_thingy_s132_pca20020 debug_v1_0_0/Obj/drv_lps22hb.o
 .text.drv_lps22hb_open
                0x00000000000270e0       0x48 Output/ble_app_thingy_s132_pca20020 debug_v1_0_0/Obj/drv_lps22hb.o
                0x00000000000270e0                drv_lps22hb_open
 .text.drv_lps22hb_close
                0x0000000000027128       0x20 Output/ble_app_thingy_s132_pca20020 debug_v1_0_0/Obj/drv_lps22hb.o
                0x0000000000027128                drv_lps22hb_close
 .text.drv_lps22hb_verify
                0x0000000000027148       0x4c Output/ble_app_thingy_s132_pca20020 debug_v1_0_0/Obj/drv_lps22hb.o
                0x0000000000027148                drv_lps22hb_verify
 .text.drv_lps22hb_one_shot
                0x0000000000027194       0x70 Output/ble_app_thingy_s132_pca20020 debug_v1_0_0/Obj/drv_lps22hb.o
                0x0000000000027194                drv_lps22hb_one_shot
 .text.drv_lps22hb_pressure_get
                0x0000000000027204       0xa0 Output/ble_app_thingy_s132_pca20020 debug_v1_0_0/Obj/drv_lps22hb.o
                0x0000000000027204                drv_lps22hb_pressure_get
 .text.drv_lps22hb_odr_set
                0x00000000000272a4       0x74 Output/ble_app_thingy_s132_pca20020 debug_v1_0_0/Obj/drv_lps22hb.o
                0x00000000000272a4                drv_lps22hb_odr_set
 .text.reg_set  0x0000000000027318       0x38 Output/ble_app_thingy_s132_pca20020 debug_v1_0_0/Obj/drv_sx1509.o
 .text.reg_get  0x0000000000027350       0x48 Output/ble_app_thingy_s132_pca20020 debug_v1_0_0/Obj/drv_sx1509.o
 .text.register_bits_modify
                0x0000000000027398       0x50 Output/ble_app_thingy_s132_pca20020 debug_v1_0_0/Obj/drv_sx1509.o
 .text.m_onoffcfgx_base_addr_get
                0x00000000000273e8       0x36 Output/ble_app_thingy_s132_pca20020 debug_v1_0_0/Obj/drv_sx1509.o
 .text.m_risefallcfgx_base_addr_get
                0x000000000002741e       0x24 Output/ble_app_thingy_s132_pca20020 debug_v1_0_0/Obj/drv_sx1509.o
 *fill*         0x0000000000027442        0x2 
 .text.multi_byte_register_set.constprop.3
                0x0000000000027444       0x28 Output/ble_app_thingy_s132_pca20020 debug_v1_0_0/Obj/drv_sx1509.o
 .text.drv_sx1509_init
                0x000000000002746c        0xc Output/ble_app_thingy_s132_pca20020 debug_v1_0_0/Obj/drv_sx1509.o
                0x000000000002746c                drv_sx1509_init
 .text.drv_sx1509_open
                0x0000000000027478       0x30 Output/ble_app_thingy_s132_pca20020 debug_v1_0_0/Obj/drv_sx1509.o
                0x0000000000027478                drv_sx1509_open
 .text.drv_sx1509_inpbufdisable_modify
                0x00000000000274a8       0x2e Output/ble_app_thingy_s132_pca20020 debug_v1_0_0/Obj/drv_sx1509.o
                0x00000000000274a8                drv_sx1509_inpbufdisable_modify
 .text.drv_sx1509_longslewrate_modify
                0x00000000000274d6       0x30 Output/ble_app_thingy_s132_pca20020 debug_v1_0_0/Obj/drv_sx1509.o
                0x00000000000274d6                drv_sx1509_longslewrate_modify
 .text.drv_sx1509_pullup_modify
                0x0000000000027506       0x30 Output/ble_app_thingy_s132_pca20020 debug_v1_0_0/Obj/drv_sx1509.o
                0x0000000000027506                drv_sx1509_pullup_modify
 .text.drv_sx1509_pulldown_modify
                0x0000000000027536       0x30 Output/ble_app_thingy_s132_pca20020 debug_v1_0_0/Obj/drv_sx1509.o
                0x0000000000027536                drv_sx1509_pulldown_modify
 .text.drv_sx1509_opendrain_modify
                0x0000000000027566       0x30 Output/ble_app_thingy_s132_pca20020 debug_v1_0_0/Obj/drv_sx1509.o
                0x0000000000027566                drv_sx1509_opendrain_modify
 .text.drv_sx1509_dir_modify
                0x0000000000027596       0x30 Output/ble_app_thingy_s132_pca20020 debug_v1_0_0/Obj/drv_sx1509.o
                0x0000000000027596                drv_sx1509_dir_modify
 .text.drv_sx1509_data_set
                0x00000000000275c6       0x22 Output/ble_app_thingy_s132_pca20020 debug_v1_0_0/Obj/drv_sx1509.o
                0x00000000000275c6                drv_sx1509_data_set
 .text.drv_sx1509_data_modify
                0x00000000000275e8       0x30 Output/ble_app_thingy_s132_pca20020 debug_v1_0_0/Obj/drv_sx1509.o
                0x00000000000275e8                drv_sx1509_data_modify
 .text.drv_sx1509_clock_modify
                0x0000000000027618       0x28 Output/ble_app_thingy_s132_pca20020 debug_v1_0_0/Obj/drv_sx1509.o
                0x0000000000027618                drv_sx1509_clock_modify
 .text.drv_sx1509_misc_modify
                0x0000000000027640       0x16 Output/ble_app_thingy_s132_pca20020 debug_v1_0_0/Obj/drv_sx1509.o
                0x0000000000027640                drv_sx1509_misc_modify
 .text.drv_sx1509_leddriverenable_modify
                0x0000000000027656       0x30 Output/ble_app_thingy_s132_pca20020 debug_v1_0_0/Obj/drv_sx1509.o
                0x0000000000027656                drv_sx1509_leddriverenable_modify
 .text.drv_sx1509_onoffcfgx_modify
                0x0000000000027686       0x5a Output/ble_app_thingy_s132_pca20020 debug_v1_0_0/Obj/drv_sx1509.o
                0x0000000000027686                drv_sx1509_onoffcfgx_modify
 .text.drv_sx1509_risefallcfgx_modify
                0x00000000000276e0       0x44 Output/ble_app_thingy_s132_pca20020 debug_v1_0_0/Obj/drv_sx1509.o
                0x00000000000276e0                drv_sx1509_risefallcfgx_modify
 .text.drv_sx1509_reset
                0x0000000000027724       0xb8 Output/ble_app_thingy_s132_pca20020 debug_v1_0_0/Obj/drv_sx1509.o
                0x0000000000027724                drv_sx1509_reset
 .text.drv_sx1509_close
                0x00000000000277dc       0x24 Output/ble_app_thingy_s132_pca20020 debug_v1_0_0/Obj/drv_sx1509.o
                0x00000000000277dc                drv_sx1509_close
 .text.reg_write
                0x0000000000027800       0x48 Output/ble_app_thingy_s132_pca20020 debug_v1_0_0/Obj/drv_hts221.o
 .text.reg_read
                0x0000000000027848       0x6c Output/ble_app_thingy_s132_pca20020 debug_v1_0_0/Obj/drv_hts221.o
 .text.drv_hts221_open
                0x00000000000278b4       0x48 Output/ble_app_thingy_s132_pca20020 debug_v1_0_0/Obj/drv_hts221.o
                0x00000000000278b4                drv_hts221_open
 .text.drv_hts221_close
                0x00000000000278fc       0x20 Output/ble_app_thingy_s132_pca20020 debug_v1_0_0/Obj/drv_hts221.o
                0x00000000000278fc                drv_hts221_close
 .text.drv_hts221_verify
                0x000000000002791c       0x50 Output/ble_app_thingy_s132_pca20020 debug_v1_0_0/Obj/drv_hts221.o
                0x000000000002791c                drv_hts221_verify
 .text.drv_hts221_cfg_set
                0x000000000002796c       0xb8 Output/ble_app_thingy_s132_pca20020 debug_v1_0_0/Obj/drv_hts221.o
                0x000000000002796c                drv_hts221_cfg_set
 .text.drv_hts221_status_get
                0x0000000000027a24       0x48 Output/ble_app_thingy_s132_pca20020 debug_v1_0_0/Obj/drv_hts221.o
                0x0000000000027a24                drv_hts221_status_get
 .text.drv_hts221_calib_get
                0x0000000000027a6c       0xd0 Output/ble_app_thingy_s132_pca20020 debug_v1_0_0/Obj/drv_hts221.o
                0x0000000000027a6c                drv_hts221_calib_get
 .text.drv_hts221_humidity_get
                0x0000000000027b3c       0x78 Output/ble_app_thingy_s132_pca20020 debug_v1_0_0/Obj/drv_hts221.o
                0x0000000000027b3c                drv_hts221_humidity_get
 .text.drv_hts221_temperature_get
                0x0000000000027bb4       0x78 Output/ble_app_thingy_s132_pca20020 debug_v1_0_0/Obj/drv_hts221.o
                0x0000000000027bb4                drv_hts221_temperature_get
 .text.drv_hts221_one_shot
                0x0000000000027c2c       0x6c Output/ble_app_thingy_s132_pca20020 debug_v1_0_0/Obj/drv_hts221.o
                0x0000000000027c2c                drv_hts221_one_shot
 .text.gpiote_evt_sceduled
                0x0000000000027c98        0xc Output/ble_app_thingy_s132_pca20020 debug_v1_0_0/Obj/drv_humidity.o
 .text.gpiote_evt_handler
                0x0000000000027ca4       0x40 Output/ble_app_thingy_s132_pca20020 debug_v1_0_0/Obj/drv_humidity.o
 .text.drv_humidity_init
                0x0000000000027ce4      0x114 Output/ble_app_thingy_s132_pca20020 debug_v1_0_0/Obj/drv_humidity.o
                0x0000000000027ce4                drv_humidity_init
 .text.drv_humidity_enable
                0x0000000000027df8       0xd0 Output/ble_app_thingy_s132_pca20020 debug_v1_0_0/Obj/drv_humidity.o
                0x0000000000027df8                drv_humidity_enable
 .text.drv_humidity_disable
                0x0000000000027ec8       0x7c Output/ble_app_thingy_s132_pca20020 debug_v1_0_0/Obj/drv_humidity.o
                0x0000000000027ec8                drv_humidity_disable
 .text.drv_humidity_get
                0x0000000000027f44       0xcc Output/ble_app_thingy_s132_pca20020 debug_v1_0_0/Obj/drv_humidity.o
                0x0000000000027f44                drv_humidity_get
 .text.drv_humidity_temp_get
                0x0000000000028010       0xc0 Output/ble_app_thingy_s132_pca20020 debug_v1_0_0/Obj/drv_humidity.o
                0x0000000000028010                drv_humidity_temp_get
 .text.drv_humidity_sample
                0x00000000000280d0       0x64 Output/ble_app_thingy_s132_pca20020 debug_v1_0_0/Obj/drv_humidity.o
                0x00000000000280d0                drv_humidity_sample
 .text.drv_ext_gpio_cfg
                0x0000000000028134      0x200 Output/ble_app_thingy_s132_pca20020 debug_v1_0_0/Obj/drv_ext_gpio.o
                0x0000000000028134                drv_ext_gpio_cfg
 .text.drv_ext_gpio_reset
                0x0000000000028334       0xd4 Output/ble_app_thingy_s132_pca20020 debug_v1_0_0/Obj/drv_ext_gpio.o
                0x0000000000028334                drv_ext_gpio_reset
 .text.drv_ext_gpio_reg_data_init
                0x0000000000028408       0x64 Output/ble_app_thingy_s132_pca20020 debug_v1_0_0/Obj/drv_ext_gpio.o
                0x0000000000028408                drv_ext_gpio_reg_data_init
 .text.drv_ext_gpio_cfg_output
                0x000000000002846c       0x6c Output/ble_app_thingy_s132_pca20020 debug_v1_0_0/Obj/drv_ext_gpio.o
                0x000000000002846c                drv_ext_gpio_cfg_output
 .text.drv_ext_gpio_pin_set
                0x00000000000284d8       0x74 Output/ble_app_thingy_s132_pca20020 debug_v1_0_0/Obj/drv_ext_gpio.o
                0x00000000000284d8                drv_ext_gpio_pin_set
 .text.drv_ext_gpio_pin_clear
                0x000000000002854c       0x74 Output/ble_app_thingy_s132_pca20020 debug_v1_0_0/Obj/drv_ext_gpio.o
                0x000000000002854c                drv_ext_gpio_pin_clear
 .text.drv_ext_gpio_init
                0x00000000000285c0       0x28 Output/ble_app_thingy_s132_pca20020 debug_v1_0_0/Obj/drv_ext_gpio.o
                0x00000000000285c0                drv_ext_gpio_init
 .text.diff_above_limit
                0x00000000000285e8       0x48 Output/ble_app_thingy_s132_pca20020 debug_v1_0_0/Obj/sx150x_led_drv_calc.o
 .text.sx150x_led_drv_calc_fade_supp
                0x0000000000028630       0x24 Output/ble_app_thingy_s132_pca20020 debug_v1_0_0/Obj/sx150x_led_drv_calc.o
                0x0000000000028630                sx150x_led_drv_calc_fade_supp
 .text.sx150x_led_drv_calc_convert
                0x0000000000028654      0x5d0 Output/ble_app_thingy_s132_pca20020 debug_v1_0_0/Obj/sx150x_led_drv_calc.o
                0x0000000000028654                sx150x_led_drv_calc_convert
 .text.sx150x_led_drv_calc_init
                0x0000000000028c24       0x28 Output/ble_app_thingy_s132_pca20020 debug_v1_0_0/Obj/sx150x_led_drv_calc.o
                0x0000000000028c24                sx150x_led_drv_calc_init
 .text.mic_power_off
                0x0000000000028c4c       0x28 Output/ble_app_thingy_s132_pca20020 debug_v1_0_0/Obj/drv_mic.o
 .text.m_audio_buffer_handler
                0x0000000000028c74       0x74 Output/ble_app_thingy_s132_pca20020 debug_v1_0_0/Obj/drv_mic.o
 .text.m_audio_process
                0x0000000000028ce8       0x54 Output/ble_app_thingy_s132_pca20020 debug_v1_0_0/Obj/drv_mic.o
 .text.drv_mic_start
                0x0000000000028d3c       0x38 Output/ble_app_thingy_s132_pca20020 debug_v1_0_0/Obj/drv_mic.o
                0x0000000000028d3c                drv_mic_start
 .text.drv_mic_stop
                0x0000000000028d74       0x20 Output/ble_app_thingy_s132_pca20020 debug_v1_0_0/Obj/drv_mic.o
                0x0000000000028d74                drv_mic_stop
 .text.drv_mic_init
                0x0000000000028d94       0x74 Output/ble_app_thingy_s132_pca20020 debug_v1_0_0/Obj/drv_mic.o
                0x0000000000028d94                drv_mic_init
 .text.nfc_callback
                0x0000000000028e08       0x20 Output/ble_app_thingy_s132_pca20020 debug_v1_0_0/Obj/drv_nfc.o
 .text.drv_nfc_raw_data_set
                0x0000000000028e28       0x70 Output/ble_app_thingy_s132_pca20020 debug_v1_0_0/Obj/drv_nfc.o
                0x0000000000028e28                drv_nfc_raw_data_set
 .text.drv_nfc_raw_data_get
                0x0000000000028e98       0x30 Output/ble_app_thingy_s132_pca20020 debug_v1_0_0/Obj/drv_nfc.o
                0x0000000000028e98                drv_nfc_raw_data_get
 .text.drv_nfc_string_record_add
                0x0000000000028ec8       0x80 Output/ble_app_thingy_s132_pca20020 debug_v1_0_0/Obj/drv_nfc.o
                0x0000000000028ec8                drv_nfc_string_record_add
 .text.drv_nfc_uri_record_add
                0x0000000000028f48       0x68 Output/ble_app_thingy_s132_pca20020 debug_v1_0_0/Obj/drv_nfc.o
                0x0000000000028f48                drv_nfc_uri_record_add
 .text.drv_nfc_app_launch_android_record_add
                0x0000000000028fb0       0x64 Output/ble_app_thingy_s132_pca20020 debug_v1_0_0/Obj/drv_nfc.o
                0x0000000000028fb0                drv_nfc_app_launch_android_record_add
 .text.drv_nfc_enable
                0x0000000000029014       0xac Output/ble_app_thingy_s132_pca20020 debug_v1_0_0/Obj/drv_nfc.o
                0x0000000000029014                drv_nfc_enable
 .text.drv_nfc_disable
                0x00000000000290c0       0x4c Output/ble_app_thingy_s132_pca20020 debug_v1_0_0/Obj/drv_nfc.o
                0x00000000000290c0                drv_nfc_disable
 .text.drv_nfc_init
                0x000000000002910c       0x54 Output/ble_app_thingy_s132_pca20020 debug_v1_0_0/Obj/drv_nfc.o
                0x000000000002910c                drv_nfc_init
 .text.nrf_delay_us
                0x0000000000029160       0x8c Output/ble_app_thingy_s132_pca20020 debug_v1_0_0/Obj/inv_mpu.o
 .text.set_int_enable
                0x00000000000291ec       0x78 Output/ble_app_thingy_s132_pca20020 debug_v1_0_0/Obj/inv_mpu.o
 .text.mpu_get_accel_reg
                0x0000000000029264       0x68 Output/ble_app_thingy_s132_pca20020 debug_v1_0_0/Obj/inv_mpu.o
                0x0000000000029264                mpu_get_accel_reg
 .text.mpu_get_temperature
                0x00000000000292cc       0x8c Output/ble_app_thingy_s132_pca20020 debug_v1_0_0/Obj/inv_mpu.o
                0x00000000000292cc                mpu_get_temperature
 .text.mpu_reset_fifo
                0x0000000000029358      0x170 Output/ble_app_thingy_s132_pca20020 debug_v1_0_0/Obj/inv_mpu.o
                0x0000000000029358                mpu_reset_fifo
 .text.mpu_get_gyro_fsr
                0x00000000000294c8       0x34 Output/ble_app_thingy_s132_pca20020 debug_v1_0_0/Obj/inv_mpu.o
                0x00000000000294c8                mpu_get_gyro_fsr
 .text.mpu_set_gyro_fsr
                0x00000000000294fc       0x70 Output/ble_app_thingy_s132_pca20020 debug_v1_0_0/Obj/inv_mpu.o
                0x00000000000294fc                mpu_set_gyro_fsr
 .text.mpu_get_accel_fsr
                0x000000000002956c       0x38 Output/ble_app_thingy_s132_pca20020 debug_v1_0_0/Obj/inv_mpu.o
                0x000000000002956c                mpu_get_accel_fsr
 .text.mpu_set_accel_fsr
                0x00000000000295a4       0x68 Output/ble_app_thingy_s132_pca20020 debug_v1_0_0/Obj/inv_mpu.o
                0x00000000000295a4                mpu_set_accel_fsr
 .text.mpu_set_lpf
                0x000000000002960c       0x6c Output/ble_app_thingy_s132_pca20020 debug_v1_0_0/Obj/inv_mpu.o
                0x000000000002960c                mpu_set_lpf
 .text.mpu_get_sample_rate
                0x0000000000029678       0x1c Output/ble_app_thingy_s132_pca20020 debug_v1_0_0/Obj/inv_mpu.o
                0x0000000000029678                mpu_get_sample_rate
 .text.mpu_set_compass_sample_rate
                0x0000000000029694       0x50 Output/ble_app_thingy_s132_pca20020 debug_v1_0_0/Obj/inv_mpu.o
                0x0000000000029694                mpu_set_compass_sample_rate
 .text.mpu_configure_fifo
                0x00000000000296e4       0x4c Output/ble_app_thingy_s132_pca20020 debug_v1_0_0/Obj/inv_mpu.o
                0x00000000000296e4                mpu_configure_fifo
 .text.mpu_read_fifo
                0x0000000000029730      0x1a4 Output/ble_app_thingy_s132_pca20020 debug_v1_0_0/Obj/inv_mpu.o
                0x0000000000029730                mpu_read_fifo
 .text.mpu_read_fifo_stream
                0x00000000000298d4       0x9c Output/ble_app_thingy_s132_pca20020 debug_v1_0_0/Obj/inv_mpu.o
                0x00000000000298d4                mpu_read_fifo_stream
 .text.mpu_set_bypass
                0x0000000000029970       0xec Output/ble_app_thingy_s132_pca20020 debug_v1_0_0/Obj/inv_mpu.o
                0x0000000000029970                mpu_set_bypass
 .text.mpu_set_int_latched
                0x0000000000029a5c       0x64 Output/ble_app_thingy_s132_pca20020 debug_v1_0_0/Obj/inv_mpu.o
                0x0000000000029a5c                mpu_set_int_latched
 .text.mpu_lp_accel_mode
                0x0000000000029ac0       0xb4 Output/ble_app_thingy_s132_pca20020 debug_v1_0_0/Obj/inv_mpu.o
                0x0000000000029ac0                mpu_lp_accel_mode
 .text.mpu_set_sample_rate
                0x0000000000029b74       0x94 Output/ble_app_thingy_s132_pca20020 debug_v1_0_0/Obj/inv_mpu.o
                0x0000000000029b74                mpu_set_sample_rate
 .text.mpu_set_sensors
                0x0000000000029c08      0x138 Output/ble_app_thingy_s132_pca20020 debug_v1_0_0/Obj/inv_mpu.o
                0x0000000000029c08                mpu_set_sensors
 .text.mpu_init
                0x0000000000029d40      0x2a8 Output/ble_app_thingy_s132_pca20020 debug_v1_0_0/Obj/inv_mpu.o
                0x0000000000029d40                mpu_init
 .text.mpu_write_mem
                0x0000000000029fe8       0x5c Output/ble_app_thingy_s132_pca20020 debug_v1_0_0/Obj/inv_mpu.o
                0x0000000000029fe8                mpu_write_mem
 .text.mpu_read_mem
                0x000000000002a044       0x5c Output/ble_app_thingy_s132_pca20020 debug_v1_0_0/Obj/inv_mpu.o
                0x000000000002a044                mpu_read_mem
 .text.mpu_load_firmware
                0x000000000002a0a0       0x9c Output/ble_app_thingy_s132_pca20020 debug_v1_0_0/Obj/inv_mpu.o
                0x000000000002a0a0                mpu_load_firmware
 .text.mpu_set_dmp_state
                0x000000000002a13c       0x7c Output/ble_app_thingy_s132_pca20020 debug_v1_0_0/Obj/inv_mpu.o
                0x000000000002a13c                mpu_set_dmp_state
 .text.mpu_get_compass_reg
                0x000000000002a1b8       0xb0 Output/ble_app_thingy_s132_pca20020 debug_v1_0_0/Obj/inv_mpu.o
                0x000000000002a1b8                mpu_get_compass_reg
 .text.mpu_get_compass_fsr
                0x000000000002a268       0x10 Output/ble_app_thingy_s132_pca20020 debug_v1_0_0/Obj/inv_mpu.o
                0x000000000002a268                mpu_get_compass_fsr
 .text.dmp_enable_gyro_cal.part.0
                0x000000000002a278       0x28 Output/ble_app_thingy_s132_pca20020 debug_v1_0_0/Obj/inv_mpu_dmp_motion_driver.o
 .text.dmp_load_motion_driver_firmware
                0x000000000002a2a0       0x14 Output/ble_app_thingy_s132_pca20020 debug_v1_0_0/Obj/inv_mpu_dmp_motion_driver.o
                0x000000000002a2a0                dmp_load_motion_driver_firmware
 .text.dmp_set_orientation
                0x000000000002a2b4      0x140 Output/ble_app_thingy_s132_pca20020 debug_v1_0_0/Obj/inv_mpu_dmp_motion_driver.o
                0x000000000002a2b4                dmp_set_orientation
 .text.dmp_set_fifo_rate
                0x000000000002a3f4       0x60 Output/ble_app_thingy_s132_pca20020 debug_v1_0_0/Obj/inv_mpu_dmp_motion_driver.o
                0x000000000002a3f4                dmp_set_fifo_rate
 .text.dmp_set_tap_thresh
                0x000000000002a454      0x168 Output/ble_app_thingy_s132_pca20020 debug_v1_0_0/Obj/inv_mpu_dmp_motion_driver.o
                0x000000000002a454                dmp_set_tap_thresh
 .text.dmp_set_tap_axes
                0x000000000002a5bc       0x48 Output/ble_app_thingy_s132_pca20020 debug_v1_0_0/Obj/inv_mpu_dmp_motion_driver.o
                0x000000000002a5bc                dmp_set_tap_axes
 .text.dmp_set_tap_count
                0x000000000002a604       0x28 Output/ble_app_thingy_s132_pca20020 debug_v1_0_0/Obj/inv_mpu_dmp_motion_driver.o
                0x000000000002a604                dmp_set_tap_count
 .text.dmp_set_tap_time
                0x000000000002a62c       0x20 Output/ble_app_thingy_s132_pca20020 debug_v1_0_0/Obj/inv_mpu_dmp_motion_driver.o
                0x000000000002a62c                dmp_set_tap_time
 .text.dmp_set_tap_time_multi
                0x000000000002a64c       0x20 Output/ble_app_thingy_s132_pca20020 debug_v1_0_0/Obj/inv_mpu_dmp_motion_driver.o
                0x000000000002a64c                dmp_set_tap_time_multi
 .text.dmp_set_shake_reject_thresh
                0x000000000002a66c       0x22 Output/ble_app_thingy_s132_pca20020 debug_v1_0_0/Obj/inv_mpu_dmp_motion_driver.o
                0x000000000002a66c                dmp_set_shake_reject_thresh
 .text.dmp_set_shake_reject_time
                0x000000000002a68e       0x20 Output/ble_app_thingy_s132_pca20020 debug_v1_0_0/Obj/inv_mpu_dmp_motion_driver.o
                0x000000000002a68e                dmp_set_shake_reject_time
 .text.dmp_set_shake_reject_timeout
                0x000000000002a6ae       0x20 Output/ble_app_thingy_s132_pca20020 debug_v1_0_0/Obj/inv_mpu_dmp_motion_driver.o
                0x000000000002a6ae                dmp_set_shake_reject_timeout
 .text.dmp_get_pedometer_step_count
                0x000000000002a6ce       0x26 Output/ble_app_thingy_s132_pca20020 debug_v1_0_0/Obj/inv_mpu_dmp_motion_driver.o
                0x000000000002a6ce                dmp_get_pedometer_step_count
 .text.dmp_get_pedometer_walk_time
                0x000000000002a6f4       0x2a Output/ble_app_thingy_s132_pca20020 debug_v1_0_0/Obj/inv_mpu_dmp_motion_driver.o
                0x000000000002a6f4                dmp_get_pedometer_walk_time
 *fill*         0x000000000002a71e        0x2 
 .text.dmp_enable_gyro_cal
                0x000000000002a720       0x30 Output/ble_app_thingy_s132_pca20020 debug_v1_0_0/Obj/inv_mpu_dmp_motion_driver.o
                0x000000000002a720                dmp_enable_gyro_cal
 .text.dmp_enable_lp_quat
                0x000000000002a750       0x30 Output/ble_app_thingy_s132_pca20020 debug_v1_0_0/Obj/inv_mpu_dmp_motion_driver.o
                0x000000000002a750                dmp_enable_lp_quat
 .text.dmp_enable_6x_lp_quat
                0x000000000002a780       0x30 Output/ble_app_thingy_s132_pca20020 debug_v1_0_0/Obj/inv_mpu_dmp_motion_driver.o
                0x000000000002a780                dmp_enable_6x_lp_quat
 .text.dmp_enable_feature
                0x000000000002a7b0      0x19c Output/ble_app_thingy_s132_pca20020 debug_v1_0_0/Obj/inv_mpu_dmp_motion_driver.o
                0x000000000002a7b0                dmp_enable_feature
 .text.dmp_read_fifo
                0x000000000002a94c      0x158 Output/ble_app_thingy_s132_pca20020 debug_v1_0_0/Obj/inv_mpu_dmp_motion_driver.o
                0x000000000002a94c                dmp_read_fifo
 .text.dmp_register_tap_cb
                0x000000000002aaa4        0xc Output/ble_app_thingy_s132_pca20020 debug_v1_0_0/Obj/inv_mpu_dmp_motion_driver.o
                0x000000000002aaa4                dmp_register_tap_cb
 .text.dmp_register_android_orient_cb
                0x000000000002aab0        0xc Output/ble_app_thingy_s132_pca20020 debug_v1_0_0/Obj/inv_mpu_dmp_motion_driver.o
                0x000000000002aab0                dmp_register_android_orient_cb
 .text.inv_db_save_func
                0x000000000002aabc       0x14 Output/ble_app_thingy_s132_pca20020 debug_v1_0_0/Obj/data_builder.o
 .text.inv_db_load_func
                0x000000000002aad0       0x3c Output/ble_app_thingy_s132_pca20020 debug_v1_0_0/Obj/data_builder.o
 .text.inv_set_gyro_orientation_and_scale
                0x000000000002ab0c        0xc Output/ble_app_thingy_s132_pca20020 debug_v1_0_0/Obj/data_builder.o
                0x000000000002ab0c                inv_set_gyro_orientation_and_scale
 .text.inv_set_gyro_sample_rate
                0x000000000002ab18       0x24 Output/ble_app_thingy_s132_pca20020 debug_v1_0_0/Obj/data_builder.o
                0x000000000002ab18                inv_set_gyro_sample_rate
 .text.inv_set_accel_sample_rate
                0x000000000002ab3c       0x28 Output/ble_app_thingy_s132_pca20020 debug_v1_0_0/Obj/data_builder.o
                0x000000000002ab3c                inv_set_accel_sample_rate
 .text.inv_set_compass_sample_rate
                0x000000000002ab64       0x2c Output/ble_app_thingy_s132_pca20020 debug_v1_0_0/Obj/data_builder.o
                0x000000000002ab64                inv_set_compass_sample_rate
 .text.inv_get_compass_on
                0x000000000002ab90       0x10 Output/ble_app_thingy_s132_pca20020 debug_v1_0_0/Obj/data_builder.o
                0x000000000002ab90                inv_get_compass_on
 .text.inv_get_gyro_on
                0x000000000002aba0       0x10 Output/ble_app_thingy_s132_pca20020 debug_v1_0_0/Obj/data_builder.o
                0x000000000002aba0                inv_get_gyro_on
 .text.inv_get_accel_on
                0x000000000002abb0       0x10 Output/ble_app_thingy_s132_pca20020 debug_v1_0_0/Obj/data_builder.o
                0x000000000002abb0                inv_get_accel_on
 .text.inv_get_last_timestamp
                0x000000000002abc0       0x44 Output/ble_app_thingy_s132_pca20020 debug_v1_0_0/Obj/data_builder.o
                0x000000000002abc0                inv_get_last_timestamp
 .text.inv_set_accel_orientation_and_scale
                0x000000000002ac04        0xc Output/ble_app_thingy_s132_pca20020 debug_v1_0_0/Obj/data_builder.o
                0x000000000002ac04                inv_set_accel_orientation_and_scale
 .text.inv_set_compass_orientation_and_scale
                0x000000000002ac10       0x10 Output/ble_app_thingy_s132_pca20020 debug_v1_0_0/Obj/data_builder.o
                0x000000000002ac10                inv_set_compass_orientation_and_scale
 .text.inv_apply_calibration
                0x000000000002ac20       0x6a Output/ble_app_thingy_s132_pca20020 debug_v1_0_0/Obj/data_builder.o
                0x000000000002ac20                inv_apply_calibration
 *fill*         0x000000000002ac8a        0x2 
 .text.inv_get_compass_bias
                0x000000000002ac8c       0x10 Output/ble_app_thingy_s132_pca20020 debug_v1_0_0/Obj/data_builder.o
                0x000000000002ac8c                inv_get_compass_bias
 .text.inv_set_compass_bias
                0x000000000002ac9c       0x50 Output/ble_app_thingy_s132_pca20020 debug_v1_0_0/Obj/data_builder.o
                0x000000000002ac9c                inv_set_compass_bias
 .text.inv_set_compass_disturbance
                0x000000000002acec        0xc Output/ble_app_thingy_s132_pca20020 debug_v1_0_0/Obj/data_builder.o
                0x000000000002acec                inv_set_compass_disturbance
 .text.inv_set_accel_accuracy
                0x000000000002acf8       0x1c Output/ble_app_thingy_s132_pca20020 debug_v1_0_0/Obj/data_builder.o
                0x000000000002acf8                inv_set_accel_accuracy
 .text.inv_set_accel_bias_mask
                0x000000000002ad14       0x58 Output/ble_app_thingy_s132_pca20020 debug_v1_0_0/Obj/data_builder.o
                0x000000000002ad14                inv_set_accel_bias_mask
 .text.inv_set_gyro_bias
                0x000000000002ad6c       0x60 Output/ble_app_thingy_s132_pca20020 debug_v1_0_0/Obj/data_builder.o
                0x000000000002ad6c                inv_set_gyro_bias
 .text.inv_get_gyro_bias_tc_set
                0x000000000002adcc       0x18 Output/ble_app_thingy_s132_pca20020 debug_v1_0_0/Obj/data_builder.o
                0x000000000002adcc                inv_get_gyro_bias_tc_set
 .text.inv_get_gyro_bias
                0x000000000002ade4       0x24 Output/ble_app_thingy_s132_pca20020 debug_v1_0_0/Obj/data_builder.o
                0x000000000002ade4                inv_get_gyro_bias
 .text.inv_get_accel_bias
                0x000000000002ae08       0x24 Output/ble_app_thingy_s132_pca20020 debug_v1_0_0/Obj/data_builder.o
                0x000000000002ae08                inv_get_accel_bias
 .text.inv_build_accel
                0x000000000002ae2c       0x6c Output/ble_app_thingy_s132_pca20020 debug_v1_0_0/Obj/data_builder.o
                0x000000000002ae2c                inv_build_accel
 .text.inv_build_gyro
                0x000000000002ae98       0x34 Output/ble_app_thingy_s132_pca20020 debug_v1_0_0/Obj/data_builder.o
                0x000000000002ae98                inv_build_gyro
 .text.inv_build_temp
                0x000000000002aecc       0x24 Output/ble_app_thingy_s132_pca20020 debug_v1_0_0/Obj/data_builder.o
                0x000000000002aecc                inv_build_temp
 .text.inv_build_quat
                0x000000000002aef0       0x34 Output/ble_app_thingy_s132_pca20020 debug_v1_0_0/Obj/data_builder.o
                0x000000000002aef0                inv_build_quat
 .text.inv_register_data_cb
                0x000000000002af24       0xa4 Output/ble_app_thingy_s132_pca20020 debug_v1_0_0/Obj/data_builder.o
                0x000000000002af24                inv_register_data_cb
 .text.inv_unregister_data_cb
                0x000000000002afc8       0x48 Output/ble_app_thingy_s132_pca20020 debug_v1_0_0/Obj/data_builder.o
                0x000000000002afc8                inv_unregister_data_cb
 .text.inv_execute_on_data
                0x000000000002b010       0xfc Output/ble_app_thingy_s132_pca20020 debug_v1_0_0/Obj/data_builder.o
                0x000000000002b010                inv_execute_on_data
 .text.inv_get_accel_set
                0x000000000002b10c       0x2c Output/ble_app_thingy_s132_pca20020 debug_v1_0_0/Obj/data_builder.o
                0x000000000002b10c                inv_get_accel_set
 .text.inv_get_gyro_set
                0x000000000002b138       0x24 Output/ble_app_thingy_s132_pca20020 debug_v1_0_0/Obj/data_builder.o
                0x000000000002b138                inv_get_gyro_set
 .text.inv_get_gyro
                0x000000000002b15c        0xc Output/ble_app_thingy_s132_pca20020 debug_v1_0_0/Obj/data_builder.o
                0x000000000002b15c                inv_get_gyro
 .text.inv_get_compass_set
                0x000000000002b168       0x38 Output/ble_app_thingy_s132_pca20020 debug_v1_0_0/Obj/data_builder.o
                0x000000000002b168                inv_get_compass_set
 .text.inv_get_gyro_accuracy
                0x000000000002b1a0        0xc Output/ble_app_thingy_s132_pca20020 debug_v1_0_0/Obj/data_builder.o
                0x000000000002b1a0                inv_get_gyro_accuracy
 .text.inv_get_mag_accuracy
                0x000000000002b1ac       0x1c Output/ble_app_thingy_s132_pca20020 debug_v1_0_0/Obj/data_builder.o
                0x000000000002b1ac                inv_get_mag_accuracy
 .text.inv_get_accel_accuracy
                0x000000000002b1c8        0xc Output/ble_app_thingy_s132_pca20020 debug_v1_0_0/Obj/data_builder.o
                0x000000000002b1c8                inv_get_accel_accuracy
 .text.inv_get_compass_soft_iron_output_data
                0x000000000002b1d4       0x1c Output/ble_app_thingy_s132_pca20020 debug_v1_0_0/Obj/data_builder.o
                0x000000000002b1d4                inv_get_compass_soft_iron_output_data
 .text.inv_set_compass_soft_iron_input_data
                0x000000000002b1f0       0x44 Output/ble_app_thingy_s132_pca20020 debug_v1_0_0/Obj/data_builder.o
                0x000000000002b1f0                inv_set_compass_soft_iron_input_data
 .text.inv_build_compass
                0x000000000002b234       0x94 Output/ble_app_thingy_s132_pca20020 debug_v1_0_0/Obj/data_builder.o
                0x000000000002b234                inv_build_compass
 .text.inv_reset_compass_soft_iron_matrix
                0x000000000002b2c8       0x4c Output/ble_app_thingy_s132_pca20020 debug_v1_0_0/Obj/data_builder.o
                0x000000000002b2c8                inv_reset_compass_soft_iron_matrix
 .text.inv_init_data_builder
                0x000000000002b314       0x40 Output/ble_app_thingy_s132_pca20020 debug_v1_0_0/Obj/data_builder.o
                0x000000000002b314                inv_init_data_builder
 .text.inv_get_sensor_type_gravity
                0x000000000002b354       0x64 Output/ble_app_thingy_s132_pca20020 debug_v1_0_0/Obj/hal_outputs.o
                0x000000000002b354                inv_get_sensor_type_gravity
 .text.inv_set_message
                0x000000000002b3b8       0x14 Output/ble_app_thingy_s132_pca20020 debug_v1_0_0/Obj/message_layer.o
                0x000000000002b3b8                inv_set_message
 .text.inv_row_2_scale
                0x000000000002b3cc       0x3a Output/ble_app_thingy_s132_pca20020 debug_v1_0_0/Obj/ml_math_func.o
 .text.inv_get_gyro_sum_of_sqr
                0x000000000002b406       0x1a Output/ble_app_thingy_s132_pca20020 debug_v1_0_0/Obj/ml_math_func.o
                0x000000000002b406                inv_get_gyro_sum_of_sqr
 .text.inv_q29_mult
                0x000000000002b420        0xc Output/ble_app_thingy_s132_pca20020 debug_v1_0_0/Obj/ml_math_func.o
                0x000000000002b420                inv_q29_mult
 .text.inv_q30_mult
                0x000000000002b42c        0xc Output/ble_app_thingy_s132_pca20020 debug_v1_0_0/Obj/ml_math_func.o
                0x000000000002b42c                inv_q30_mult
 .text.inv_q_mult
                0x000000000002b438      0x104 Output/ble_app_thingy_s132_pca20020 debug_v1_0_0/Obj/ml_math_func.o
                0x000000000002b438                inv_q_mult
 .text.inv_q_add
                0x000000000002b53c       0x24 Output/ble_app_thingy_s132_pca20020 debug_v1_0_0/Obj/ml_math_func.o
                0x000000000002b53c                inv_q_add
 .text.inv_q_invert
                0x000000000002b560       0x18 Output/ble_app_thingy_s132_pca20020 debug_v1_0_0/Obj/ml_math_func.o
                0x000000000002b560                inv_q_invert
 .text.inv_compass_angle
                0x000000000002b578       0xcc Output/ble_app_thingy_s132_pca20020 debug_v1_0_0/Obj/ml_math_func.o
                0x000000000002b578                inv_compass_angle
 .text.inv_q_rotate
                0x000000000002b644       0x3e Output/ble_app_thingy_s132_pca20020 debug_v1_0_0/Obj/ml_math_func.o
                0x000000000002b644                inv_q_rotate
 .text.inv_q_multf
                0x000000000002b682       0xd2 Output/ble_app_thingy_s132_pca20020 debug_v1_0_0/Obj/ml_math_func.o
                0x000000000002b682                inv_q_multf
 .text.inv_q_addf
                0x000000000002b754       0x42 Output/ble_app_thingy_s132_pca20020 debug_v1_0_0/Obj/ml_math_func.o
                0x000000000002b754                inv_q_addf
 .text.inv_q_normalizef
                0x000000000002b796       0xa8 Output/ble_app_thingy_s132_pca20020 debug_v1_0_0/Obj/ml_math_func.o
                0x000000000002b796                inv_q_normalizef
 .text.inv_q_norm4
                0x000000000002b83e       0x76 Output/ble_app_thingy_s132_pca20020 debug_v1_0_0/Obj/ml_math_func.o
                0x000000000002b83e                inv_q_norm4
 .text.inv_q_invertf
                0x000000000002b8b4       0x2a Output/ble_app_thingy_s132_pca20020 debug_v1_0_0/Obj/ml_math_func.o
                0x000000000002b8b4                inv_q_invertf
 .text.inv_quaternion_to_rotation
                0x000000000002b8de      0x124 Output/ble_app_thingy_s132_pca20020 debug_v1_0_0/Obj/ml_math_func.o
                0x000000000002b8de                inv_quaternion_to_rotation
 .text.inv_orientation_matrix_to_scalar
                0x000000000002ba02       0x24 Output/ble_app_thingy_s132_pca20020 debug_v1_0_0/Obj/ml_math_func.o
                0x000000000002ba02                inv_orientation_matrix_to_scalar
 .text.inv_convert_to_body_with_scale
                0x000000000002ba26       0x6c Output/ble_app_thingy_s132_pca20020 debug_v1_0_0/Obj/ml_math_func.o
                0x000000000002ba26                inv_convert_to_body_with_scale
 .text.mlMatrixVectorMult
                0x000000000002ba92       0x38 Output/ble_app_thingy_s132_pca20020 debug_v1_0_0/Obj/ml_math_func.o
                0x000000000002ba92                mlMatrixVectorMult
 *fill*         0x000000000002baca        0x2 
 .text.__print_result_location.constprop.0
                0x000000000002bacc       0x24 Output/ble_app_thingy_s132_pca20020 debug_v1_0_0/Obj/mpl.o
 .text.inv_init_mpl
                0x000000000002baf0       0x5c Output/ble_app_thingy_s132_pca20020 debug_v1_0_0/Obj/mpl.o
                0x000000000002baf0                inv_init_mpl
 .text.inv_start_mpl
                0x000000000002bb4c       0x24 Output/ble_app_thingy_s132_pca20020 debug_v1_0_0/Obj/mpl.o
                0x000000000002bb4c                inv_start_mpl
 .text.inv_generate_results
                0x000000000002bb70       0x10 Output/ble_app_thingy_s132_pca20020 debug_v1_0_0/Obj/results_holder.o
                0x000000000002bb70                inv_generate_results
 .text.inv_start_results_holder
                0x000000000002bb80       0x18 Output/ble_app_thingy_s132_pca20020 debug_v1_0_0/Obj/results_holder.o
                0x000000000002bb80                inv_start_results_holder
 .text.inv_store_gaming_quaternion
                0x000000000002bb98       0x20 Output/ble_app_thingy_s132_pca20020 debug_v1_0_0/Obj/results_holder.o
                0x000000000002bb98                inv_store_gaming_quaternion
 .text.inv_set_compass_correction
                0x000000000002bbb8       0x24 Output/ble_app_thingy_s132_pca20020 debug_v1_0_0/Obj/results_holder.o
                0x000000000002bbb8                inv_set_compass_correction
 .text.inv_get_compass_correction
                0x000000000002bbdc       0x1c Output/ble_app_thingy_s132_pca20020 debug_v1_0_0/Obj/results_holder.o
                0x000000000002bbdc                inv_get_compass_correction
 .text.inv_get_large_mag_field
                0x000000000002bbf8        0xc Output/ble_app_thingy_s132_pca20020 debug_v1_0_0/Obj/results_holder.o
                0x000000000002bbf8                inv_get_large_mag_field
 .text.inv_get_acc_state
                0x000000000002bc04        0xc Output/ble_app_thingy_s132_pca20020 debug_v1_0_0/Obj/results_holder.o
                0x000000000002bc04                inv_get_acc_state
 .text.inv_get_motion_state
                0x000000000002bc10       0x10 Output/ble_app_thingy_s132_pca20020 debug_v1_0_0/Obj/results_holder.o
                0x000000000002bc10                inv_get_motion_state
 .text.inv_set_motion_state
                0x000000000002bc20       0x38 Output/ble_app_thingy_s132_pca20020 debug_v1_0_0/Obj/results_holder.o
                0x000000000002bc20                inv_set_motion_state
 .text.inv_get_local_field
                0x000000000002bc58        0xc Output/ble_app_thingy_s132_pca20020 debug_v1_0_0/Obj/results_holder.o
                0x000000000002bc58                inv_get_local_field
 .text.inv_get_gravity
                0x000000000002bc64       0x54 Output/ble_app_thingy_s132_pca20020 debug_v1_0_0/Obj/results_holder.o
                0x000000000002bc64                inv_get_gravity
 .text.inv_get_linear_accel.part.0
                0x000000000002bcb8       0x36 Output/ble_app_thingy_s132_pca20020 debug_v1_0_0/Obj/results_holder.o
 *fill*         0x000000000002bcee        0x2 
 .text.inv_get_6axis_quaternion
                0x000000000002bcf0       0x14 Output/ble_app_thingy_s132_pca20020 debug_v1_0_0/Obj/results_holder.o
                0x000000000002bcf0                inv_get_6axis_quaternion
 .text.inv_get_quaternion
                0x000000000002bd04       0x34 Output/ble_app_thingy_s132_pca20020 debug_v1_0_0/Obj/results_holder.o
                0x000000000002bd04                inv_get_quaternion
 .text.inv_get_quaternion_set
                0x000000000002bd38       0x38 Output/ble_app_thingy_s132_pca20020 debug_v1_0_0/Obj/results_holder.o
                0x000000000002bd38                inv_get_quaternion_set
 .text.inv_init_results_holder
                0x000000000002bd70       0x30 Output/ble_app_thingy_s132_pca20020 debug_v1_0_0/Obj/results_holder.o
                0x000000000002bd70                inv_init_results_holder
 .text.inv_enable_results_holder
                0x000000000002bda0       0x18 Output/ble_app_thingy_s132_pca20020 debug_v1_0_0/Obj/results_holder.o
                0x000000000002bda0                inv_enable_results_holder
 .text.inv_set_accel_bias_found
                0x000000000002bdb8        0xc Output/ble_app_thingy_s132_pca20020 debug_v1_0_0/Obj/results_holder.o
                0x000000000002bdb8                inv_set_accel_bias_found
 .text.inv_got_compass_bias
                0x000000000002bdc4        0xc Output/ble_app_thingy_s132_pca20020 debug_v1_0_0/Obj/results_holder.o
                0x000000000002bdc4                inv_got_compass_bias
 .text.inv_set_compass_bias_found
                0x000000000002bdd0        0xc Output/ble_app_thingy_s132_pca20020 debug_v1_0_0/Obj/results_holder.o
                0x000000000002bdd0                inv_set_compass_bias_found
 .text.inv_set_compass_state
                0x000000000002bddc        0xc Output/ble_app_thingy_s132_pca20020 debug_v1_0_0/Obj/results_holder.o
                0x000000000002bddc                inv_set_compass_state
 .text.inv_get_compass_state
                0x000000000002bde8        0xc Output/ble_app_thingy_s132_pca20020 debug_v1_0_0/Obj/results_holder.o
                0x000000000002bde8                inv_get_compass_state
 .text.inv_set_compass_bias_error
                0x000000000002bdf4       0x10 Output/ble_app_thingy_s132_pca20020 debug_v1_0_0/Obj/results_holder.o
                0x000000000002bdf4                inv_set_compass_bias_error
 .text.inv_get_compass_bias_error
                0x000000000002be04        0xc Output/ble_app_thingy_s132_pca20020 debug_v1_0_0/Obj/results_holder.o
                0x000000000002be04                inv_get_compass_bias_error
 .text.inv_get_linear_accel
                0x000000000002be10        0xa Output/ble_app_thingy_s132_pca20020 debug_v1_0_0/Obj/results_holder.o
                0x000000000002be10                inv_get_linear_accel
 *fill*         0x000000000002be1a        0x2 
 .text.inv_get_linear_accel_float
                0x000000000002be1c       0x50 Output/ble_app_thingy_s132_pca20020 debug_v1_0_0/Obj/results_holder.o
                0x000000000002be1c                inv_get_linear_accel_float
 .text.inv_init_start_manager
                0x000000000002be6c       0x14 Output/ble_app_thingy_s132_pca20020 debug_v1_0_0/Obj/start_manager.o
                0x000000000002be6c                inv_init_start_manager
 .text.inv_unregister_mpl_start_notification
                0x000000000002be80       0x48 Output/ble_app_thingy_s132_pca20020 debug_v1_0_0/Obj/start_manager.o
                0x000000000002be80                inv_unregister_mpl_start_notification
 .text.inv_register_mpl_start_notification
                0x000000000002bec8       0x20 Output/ble_app_thingy_s132_pca20020 debug_v1_0_0/Obj/start_manager.o
                0x000000000002bec8                inv_register_mpl_start_notification
 .text.inv_execute_mpl_start_notification
                0x000000000002bee8       0x2c Output/ble_app_thingy_s132_pca20020 debug_v1_0_0/Obj/start_manager.o
                0x000000000002bee8                inv_execute_mpl_start_notification
 .text.inv_init_storage_manager
                0x000000000002bf14       0x1c Output/ble_app_thingy_s132_pca20020 debug_v1_0_0/Obj/storage_manager.o
                0x000000000002bf14                inv_init_storage_manager
 .text.inv_register_load_store
                0x000000000002bf30       0x58 Output/ble_app_thingy_s132_pca20020 debug_v1_0_0/Obj/storage_manager.o
                0x000000000002bf30                inv_register_load_store
 .text.inv_start_eMPL_outputs
                0x000000000002bf88       0x10 Output/ble_app_thingy_s132_pca20020 debug_v1_0_0/Obj/eMPL_outputs.o
 .text.inv_generate_eMPL_outputs
                0x000000000002bf98       0xa0 Output/ble_app_thingy_s132_pca20020 debug_v1_0_0/Obj/eMPL_outputs.o
 .text.inv_get_sensor_type_accel
                0x000000000002c038       0x14 Output/ble_app_thingy_s132_pca20020 debug_v1_0_0/Obj/eMPL_outputs.o
                0x000000000002c038                inv_get_sensor_type_accel
 .text.inv_get_sensor_type_gyro
                0x000000000002c04c       0x14 Output/ble_app_thingy_s132_pca20020 debug_v1_0_0/Obj/eMPL_outputs.o
                0x000000000002c04c                inv_get_sensor_type_gyro
 .text.inv_get_sensor_type_compass
                0x000000000002c060       0x14 Output/ble_app_thingy_s132_pca20020 debug_v1_0_0/Obj/eMPL_outputs.o
                0x000000000002c060                inv_get_sensor_type_compass
 .text.inv_get_sensor_type_quat
                0x000000000002c074       0x20 Output/ble_app_thingy_s132_pca20020 debug_v1_0_0/Obj/eMPL_outputs.o
                0x000000000002c074                inv_get_sensor_type_quat
 .text.inv_get_sensor_type_heading
                0x000000000002c094       0x9c Output/ble_app_thingy_s132_pca20020 debug_v1_0_0/Obj/eMPL_outputs.o
                0x000000000002c094                inv_get_sensor_type_heading
 .text.inv_get_sensor_type_euler
                0x000000000002c130      0x18c Output/ble_app_thingy_s132_pca20020 debug_v1_0_0/Obj/eMPL_outputs.o
                0x000000000002c130                inv_get_sensor_type_euler
 .text.inv_get_sensor_type_rot_mat
                0x000000000002c2bc       0x20 Output/ble_app_thingy_s132_pca20020 debug_v1_0_0/Obj/eMPL_outputs.o
                0x000000000002c2bc                inv_get_sensor_type_rot_mat
 .text.inv_enable_eMPL_outputs
                0x000000000002c2dc       0x20 Output/ble_app_thingy_s132_pca20020 debug_v1_0_0/Obj/eMPL_outputs.o
                0x000000000002c2dc                inv_enable_eMPL_outputs
 .text._MLPrintLog
                0x000000000002c2fc       0x8c Output/ble_app_thingy_s132_pca20020 debug_v1_0_0/Obj/log_nrf52.o
                0x000000000002c2fc                _MLPrintLog
 .text.sd_ble_gap_addr_get
                0x000000000002c388        0x4 Output/ble_app_thingy_s132_pca20020 debug_v1_0_0/Obj/ble_advdata.o
 .text.sd_ble_gap_adv_data_set
                0x000000000002c38c        0x4 Output/ble_app_thingy_s132_pca20020 debug_v1_0_0/Obj/ble_advdata.o
 .text.sd_ble_gap_appearance_get
                0x000000000002c390        0x4 Output/ble_app_thingy_s132_pca20020 debug_v1_0_0/Obj/ble_advdata.o
 .text.sd_ble_gap_device_name_get
                0x000000000002c394        0x4 Output/ble_app_thingy_s132_pca20020 debug_v1_0_0/Obj/ble_advdata.o
 .text.sd_ble_uuid_encode
                0x000000000002c398        0x4 Output/ble_app_thingy_s132_pca20020 debug_v1_0_0/Obj/ble_advdata.o
 .text.uuid_list_sized_encode
                0x000000000002c39c       0xac Output/ble_app_thingy_s132_pca20020 debug_v1_0_0/Obj/ble_advdata.o
 .text.uuid_list_encode
                0x000000000002c448       0x38 Output/ble_app_thingy_s132_pca20020 debug_v1_0_0/Obj/ble_advdata.o
 .text.adv_data_encode
                0x000000000002c480      0x380 Output/ble_app_thingy_s132_pca20020 debug_v1_0_0/Obj/ble_advdata.o
                0x000000000002c480                adv_data_encode
 .text.ble_advdata_set
                0x000000000002c800       0x66 Output/ble_app_thingy_s132_pca20020 debug_v1_0_0/Obj/ble_advdata.o
                0x000000000002c800                ble_advdata_set
 .text.sd_ble_gap_adv_start
                0x000000000002c866        0x4 Output/ble_app_thingy_s132_pca20020 debug_v1_0_0/Obj/ble_advertising.o
 *fill*         0x000000000002c86a        0x2 
 .text.ble_advertising_conn_cfg_tag_set
                0x000000000002c86c        0xc Output/ble_app_thingy_s132_pca20020 debug_v1_0_0/Obj/ble_advertising.o
                0x000000000002c86c                ble_advertising_conn_cfg_tag_set
 .text.ble_advertising_init
                0x000000000002c878      0x168 Output/ble_app_thingy_s132_pca20020 debug_v1_0_0/Obj/ble_advertising.o
                0x000000000002c878                ble_advertising_init
 .text.ble_advertising_start